******************************************************************************
                  TI ARM Linker PC v16.9.0                     
******************************************************************************
>> Linked Mon Dec 23 23:18:05 2019

OUTPUT FILE NAME:   <Ball_On_Beam_PID.out>
ENTRY POINT SYMBOL: "_c_int00"  address: 000034ed


MEMORY CONFIGURATION

         name            origin    length      used     unused   attr    fill
----------------------  --------  ---------  --------  --------  ----  --------
  FLASH                 00000000   00040000  00003cdc  0003c324  R  X
  SRAM                  20000000   00008000  000004d0  00007b30  RW X


SEGMENT ALLOCATION MAP

run origin  load origin   length   init length attrs members
----------  ----------- ---------- ----------- ----- -------
00000000    00000000    00003ce0   00003ce0    r-x
  00000000    00000000    0000026c   0000026c    r-- .intvecs
  0000026c    0000026c    000034a0   000034a0    r-x .text
  0000370c    0000370c    00000578   00000578    r-- .const
  00003c88    00003c88    00000058   00000058    r-- .cinit
20000000    20000000    000004d6   00000000    rw-
  20000000    20000000    0000026c   00000000    rw- .vtable
  2000026c    2000026c    00000200   00000000    rw- .stack
  20000470    20000470    00000036   00000000    rw- .data
  200004a8    200004a8    0000002e   00000000    rw- .bss


SECTION ALLOCATION MAP

 output                                  attributes/
section   page    origin      length       input sections
--------  ----  ----------  ----------   ----------------
.intvecs   0    00000000    0000026c     
                  00000000    0000026c     tm4c123gh6pm_startup_ccs.obj (.intvecs)

.text      0    0000026c    000034a0     
                  0000026c    00000f68     sysctl.obj (.text)
                  000011d4    00000b4c     gpio.obj (.text)
                  00001d20    00000718     pwm.obj (.text)
                  00002438    00000474     HC-S04_Driver.obj (.text)
                  000028ac    000003c0     interrupt.obj (.text)
                  00002c6c    000001b6     rtsv7M4_T_le_v4SPD16_eabi.lib : fd_add_t2.obj (.text)
                  00002e22    00000002                                   : mpu_init.obj (.text)
                  00002e24    00000198     PWM_Driver.obj (.text)
                  00002fbc    000000fc     rtsv7M4_T_le_v4SPD16_eabi.lib : fd_mul_t2.obj (.text)
                  000030b8    000000c0     main.obj (.text)
                  00003178    0000009c     rtsv7M4_T_le_v4SPD16_eabi.lib : memcpy_t2.obj (.text)
                  00003214    00000086                                   : fd_cmp_t2.obj (.text:__aeabi_cdcmple)
                  0000329a    00000086                                   : fd_cmp_t2.obj (.text:__aeabi_cdrcmple)
                  00003320    0000007a                                   : memset_t2.obj (.text)
                  0000339a    00000002                                   : startup.obj (.text)
                  0000339c    00000078     PID_driver.obj (.text)
                  00003414    00000070     rtsv7M4_T_le_v4SPD16_eabi.lib : autoinit.obj (.text)
                  00003484    00000068                                   : copy_decompress_lzss.obj (.text:decompress:lzss)
                  000034ec    00000054                                   : boot.obj (.text)
                  00003540    00000054                                   : exit.obj (.text)
                  00003594    0000004c                                   : cpy_tbl.obj (.text)
                  000035e0    00000044                                   : fd_tou_t2.obj (.text)
                  00003624    0000003e     cpu.obj (.text)
                  00003662    0000002e     rtsv7M4_T_le_v4SPD16_eabi.lib : i_tofd_t2.obj (.text)
                  00003690    00000020                                   : u_tofd_t2.obj (.text)
                  000036b0    00000018                                   : args_main.obj (.text)
                  000036c8    00000014                                   : _lock.obj (.text)
                  000036dc    0000000e                                   : copy_decompress_none.obj (.text:decompress:none)
                  000036ea    0000000c                                   : copy_zero_init.obj (.text:decompress:ZI)
                  000036f6    0000000c     tm4c123gh6pm_startup_ccs.obj (.text)
                  00003702    00000006     sysctl.obj (.text:SysCtlDelay)
                  00003708    00000004     rtsv7M4_T_le_v4SPD16_eabi.lib : pre_init.obj (.text)

.const     0    0000370c    00000578     
                  0000370c    000001b0     sysctl.obj (.const:g_pppui32XTALtoVCO)
                  000038bc    000000c0     gpio.obj (.const:g_ppui32GPIOIntMapBlizzard)
                  0000397c    000000c0     gpio.obj (.const:g_ppui32GPIOIntMapSnowflake)
                  00003a3c    0000009c     interrupt.obj (.const:g_pui32Regs)
                  00003ad8    00000090     gpio.obj (.const:g_pui32GPIOBaseAddrs)
                  00003b68    0000006c     sysctl.obj (.const:g_pui32Xtals)
                  00003bd4    00000030     sysctl.obj (.const:g_sXTALtoMEMTIM)
                  00003c04    00000020     interrupt.obj (.const:g_pui32Priority)
                  00003c24    00000014     interrupt.obj (.const:g_pui32Dii16Regs)
                  00003c38    00000014     interrupt.obj (.const:g_pui32EnRegs)
                  00003c4c    00000014     interrupt.obj (.const:g_pui32PendRegs)
                  00003c60    00000014     interrupt.obj (.const:g_pui32UnpendRegs)
                  00003c74    00000008     sysctl.obj (.const:g_pui32VCOFrequencies)
                  00003c7c    00000008     gpio.obj (.const)

.cinit     0    00003c88    00000058     
                  00003c88    00000021     (.cinit..data.load) [load image, compression = lzss]
                  00003ca9    00000003     --HOLE-- [fill = 0]
                  00003cac    0000000c     (__TI_handler_table)
                  00003cb8    00000008     (.cinit..bss.load) [load image, compression = zero_init]
                  00003cc0    00000008     (.cinit..vtable.load) [load image, compression = zero_init]
                  00003cc8    00000018     (__TI_cinit_table)

.init_array 
*          0    00000000    00000000     UNINITIALIZED

.vtable    0    20000000    0000026c     UNINITIALIZED
                  20000000    0000026c     interrupt.obj (.vtable)

.stack     0    2000026c    00000200     UNINITIALIZED
                  2000026c    00000200     --HOLE--

.data      0    20000470    00000036     UNINITIALIZED
                  20000470    00000010     PID_driver.obj (.data:k)
                  20000480    0000000c     rtsv7M4_T_le_v4SPD16_eabi.lib : exit.obj (.data:$O1$$)
                  2000048c    0000000c     HC-S04_Driver.obj (.data)
                  20000498    00000008     rtsv7M4_T_le_v4SPD16_eabi.lib : _lock.obj (.data:$O1$$)
                  200004a0    00000004                                   : stkdepth_vars.obj (.data)
                  200004a4    00000002     main.obj (.data)

.bss       0    200004a8    0000002e     UNINITIALIZED
                  200004a8    00000010     (.common:error)
                  200004b8    00000008     (.common:output)
                  200004c0    00000004     (.common:count)
                  200004c4    00000004     (.common:overFlowCount)
                  200004c8    00000004     (.common:ui32PWM_Freq)
                  200004cc    00000004     (.common:ui32ServoLoad)
                  200004d0    00000002     (.common:current_error)
                  200004d2    00000002     (.common:distanceCM)
                  200004d4    00000002     (.common:last_error)

MODULE SUMMARY

       Module                         code    ro data   rw data
       ------                         ----    -------   -------
    .\
       tm4c123gh6pm_startup_ccs.obj   12      620       0      
       main.obj                       192     0         10     
    +--+------------------------------+-------+---------+---------+
       Total:                         204     620       10     
                                                               
    .\Drivers\HC-S04_Distance_Sensor\
       HC-S04_Driver.obj              1140    0         22     
    +--+------------------------------+-------+---------+---------+
       Total:                         1140    0         22     
                                                               
    .\Drivers\Servo\
       PWM_Driver.obj                 408     0         8      
    +--+------------------------------+-------+---------+---------+
       Total:                         408     0         8      
                                                               
    .\algo\
       PID_driver.obj                 120     0         36     
    +--+------------------------------+-------+---------+---------+
       Total:                         120     0         36     
                                                               
    .\driverlib\
       sysctl.obj                     3950    596       0      
       gpio.obj                       2892    536       0      
       interrupt.obj                  960     268       620    
       pwm.obj                        1816    0         0      
       cpu.obj                        62      0         0      
    +--+------------------------------+-------+---------+---------+
       Total:                         9680    1400      620    
                                                               
    C:\ti\ccsv7\tools\compiler\ti-cgt-arm_16.9.0.LTS\lib\rtsv7M4_T_le_v4SPD16_eabi.lib
       fd_add_t2.obj                  438     0         0      
       fd_cmp_t2.obj                  268     0         0      
       fd_mul_t2.obj                  252     0         0      
       memcpy_t2.obj                  156     0         0      
       memset_t2.obj                  122     0         0      
       autoinit.obj                   112     0         0      
       copy_decompress_lzss.obj       104     0         0      
       exit.obj                       84      0         12     
       boot.obj                       84      0         0      
       cpy_tbl.obj                    76      0         0      
       fd_tou_t2.obj                  68      0         0      
       i_tofd_t2.obj                  46      0         0      
       u_tofd_t2.obj                  32      0         0      
       _lock.obj                      20      0         8      
       args_main.obj                  24      0         0      
       copy_decompress_none.obj       14      0         0      
       copy_zero_init.obj             12      0         0      
       pre_init.obj                   4       0         0      
       stkdepth_vars.obj              0       0         4      
       mpu_init.obj                   2       0         0      
       startup.obj                    2       0         0      
    +--+------------------------------+-------+---------+---------+
       Total:                         1920    0         24     
                                                               
       Stack:                         0       0         512    
       Linker Generated:              0       85        0      
    +--+------------------------------+-------+---------+---------+
       Grand Total:                   13472   2105      1232   


LINKER GENERATED COPY TABLES

__TI_cinit_table @ 00003cc8 records: 3, size/record: 8, table size: 24
	.data: load addr=00003c88, load size=00000021 bytes, run addr=20000470, run size=00000036 bytes, compression=lzss
	.bss: load addr=00003cb8, load size=00000008 bytes, run addr=200004a8, run size=0000002e bytes, compression=zero_init
	.vtable: load addr=00003cc0, load size=00000008 bytes, run addr=20000000, run size=0000026c bytes, compression=zero_init


LINKER GENERATED HANDLER TABLE

__TI_handler_table @ 00003cac records: 3, size/record: 4, table size: 12
	index: 0, handler: __TI_zero_init
	index: 1, handler: __TI_decompress_lzss
	index: 2, handler: __TI_decompress_none


GLOBAL SYMBOLS: SORTED ALPHABETICALLY BY Name 

address   name                            
-------   ----                            
00003541  C$$EXIT                         
00003659  CPUbasepriGet                   
0000364b  CPUbasepriSet                   
00003625  CPUcpsid                        
0000363b  CPUcpsie                        
00003631  CPUprimask                      
00003647  CPUwfi                          
00002e25  Config_PWM                      
00002655  Distance_Measure_Enable         
00002513  EnableEdgeModeTimers            
00001cfb  GPIOADCTriggerDisable           
00001cdd  GPIOADCTriggerEnable            
00001cbf  GPIODMATriggerDisable           
00001ca1  GPIODMATriggerEnable            
00001293  GPIODirModeGet                  
00001237  GPIODirModeSet                  
00001803  GPIOIntClear                    
000017c7  GPIOIntDisable                  
000017ad  GPIOIntEnable                   
00001817  GPIOIntRegister                 
000017e1  GPIOIntStatus                   
00001383  GPIOIntTypeGet                  
000012df  GPIOIntTypeSet                  
00001835  GPIOIntUnregister               
0000165b  GPIOPadConfigGet                
00001421  GPIOPadConfigSet                
00001c43  GPIOPinConfigure                
0000184f  GPIOPinRead                     
00001887  GPIOPinTypeADC                  
000018ab  GPIOPinTypeCAN                  
000018cf  GPIOPinTypeComparator           
000018f3  GPIOPinTypeComparatorOutput     
00001917  GPIOPinTypeDIVSCLK              
0000193b  GPIOPinTypeEPI                  
0000195f  GPIOPinTypeEthernetLED          
00001983  GPIOPinTypeEthernetMII          
000019a7  GPIOPinTypeGPIOInput            
000019cb  GPIOPinTypeGPIOOutput           
000019ef  GPIOPinTypeGPIOOutputOD         
00001a13  GPIOPinTypeHibernateRTCCLK      
00001a37  GPIOPinTypeI2C                  
00001a5b  GPIOPinTypeI2CSCL               
00001a7f  GPIOPinTypeLCD                  
00001aa3  GPIOPinTypeOneWire              
00001ac7  GPIOPinTypePWM                  
00001aeb  GPIOPinTypeQEI                  
00001b0f  GPIOPinTypeSSI                  
00001b33  GPIOPinTypeTimer                
00001b57  GPIOPinTypeTrace                
00001b7b  GPIOPinTypeUART                 
00001b9f  GPIOPinTypeUSBAnalog            
00001bc3  GPIOPinTypeUSBDigital           
00001be7  GPIOPinTypeWakeHigh             
00001c0d  GPIOPinTypeWakeLow              
00001c33  GPIOPinWakeStatus               
00001867  GPIOPinWrite                    
000027c9  Initialize_HCS04                
00002a6d  IntDisable                      
000029fb  IntEnable                       
00002adf  IntIsEnabled                    
000028bf  IntMasterDisable                
000028af  IntMasterEnable                 
00002bd5  IntPendClear                    
00002b65  IntPendSet                      
000029d7  IntPriorityGet                  
0000294f  IntPriorityGroupingGet          
00002935  IntPriorityGroupingSet          
00002c2f  IntPriorityMaskGet              
00002c23  IntPriorityMaskSet              
00002987  IntPrioritySet                  
000028cf  IntRegister                     
00002c37  IntTrigger                      
00002921  IntUnregister                   
0000239b  PWMClockGet                     
0000237b  PWMClockSet                     
00001ec5  PWMDeadBandDisable              
00001e8d  PWMDeadBandEnable               
00002241  PWMFaultIntClear                
00002273  PWMFaultIntClearExt             
0000215b  PWMFaultIntRegister             
00002179  PWMFaultIntUnregister           
00001d21  PWMGenConfigure                 
00001ddf  PWMGenDisable                   
00001dc5  PWMGenEnable                    
00002345  PWMGenFaultClear                
00002291  PWMGenFaultConfigure            
0000230f  PWMGenFaultStatus               
000022eb  PWMGenFaultTriggerGet           
000022c1  PWMGenFaultTriggerSet           
000021f9  PWMGenIntClear                  
000020cd  PWMGenIntRegister               
000021cf  PWMGenIntStatus                 
000021b1  PWMGenIntTrigDisable            
00002193  PWMGenIntTrigEnable             
000020f5  PWMGenIntUnregister             
00001d9b  PWMGenPeriodGet                 
00001d6b  PWMGenPeriodSet                 
00002229  PWMIntDisable                   
00002211  PWMIntEnable                    
00002253  PWMIntStatus                    
00001f9b  PWMOutputFault                  
00001f69  PWMOutputFaultLevel             
00001f37  PWMOutputInvert                 
00001f05  PWMOutputState                  
000023c5  PWMOutputUpdateMode             
00001e43  PWMPulseWidthGet                
00001df9  PWMPulseWidthSet                
00001ef3  PWMSyncTimeBase                 
00001ee1  PWMSyncUpdate                   
00002ed5  PWM_Set_Servo                   
000036f7  ResetISR                        
00002663  Restart_measurement             
UNDEFED   SHT$$INIT_ARRAY$$Base           
UNDEFED   SHT$$INIT_ARRAY$$Limit          
00001191  SysCtlAltClkConfig              
000008d9  SysCtlClockFreqSet              
00000d7d  SysCtlClockGet                  
00001175  SysCtlClockOutConfig            
00000bad  SysCtlClockSet                  
000007d9  SysCtlDeepSleep                 
00000f45  SysCtlDeepSleepClockConfigSet   
00000f29  SysCtlDeepSleepClockSet         
000007b9  SysCtlDeepSleepPowerSet         
00003703  SysCtlDelay                     
00000365  SysCtlFlashSectorSizeGet        
00000339  SysCtlFlashSizeGet              
0000101b  SysCtlGPIOAHBDisable            
00000fff  SysCtlGPIOAHBEnable             
0000074d  SysCtlIntClear                  
00000735  SysCtlIntDisable                
00000721  SysCtlIntEnable                 
000006f9  SysCtlIntRegister               
0000075d  SysCtlIntStatus                 
00000711  SysCtlIntUnregister             
0000079f  SysCtlLDODeepSleepGet           
0000078f  SysCtlLDODeepSleepSet           
00000789  SysCtlLDOSleepGet               
00000779  SysCtlLDOSleepSet               
0000080f  SysCtlMOSCConfigSet             
00001159  SysCtlNMIClear                  
00001149  SysCtlNMIStatus                 
00000825  SysCtlPIOSCCalibrate            
00000fe9  SysCtlPWMClockGet               
00000fcf  SysCtlPWMClockSet               
000006a5  SysCtlPeripheralClockGating     
0000065d  SysCtlPeripheralDeepSleepDisable
0000060d  SysCtlPeripheralDeepSleepEnable 
00000549  SysCtlPeripheralDisable         
0000050d  SysCtlPeripheralEnable          
00000449  SysCtlPeripheralPowerOff        
0000040d  SysCtlPeripheralPowerOn         
0000038d  SysCtlPeripheralPresent         
000003cd  SysCtlPeripheralReady           
00000485  SysCtlPeripheralReset           
000005d1  SysCtlPeripheralSleepDisable    
0000058d  SysCtlPeripheralSleepEnable     
000007c9  SysCtlReset                     
00000885  SysCtlResetBehaviorGet          
00000875  SysCtlResetBehaviorSet          
000007fb  SysCtlResetCauseClear           
000007f5  SysCtlResetCauseGet             
0000032f  SysCtlSRAMSizeGet               
000007d1  SysCtlSleep                     
000007a5  SysCtlSleepPowerSet             
00001043  SysCtlUSBPLLDisable             
00001037  SysCtlUSBPLLEnable              
00001089  SysCtlVCOGet                    
00001075  SysCtlVoltageEventClear         
00001055  SysCtlVoltageEventConfig        
00001069  SysCtlVoltageEventStatus        
00002679  Timer0A_Handler                 
0000272d  Timer0B_Handler                 
000025d1  Timer1AB_Init                   
0000273f  Timer1A_Handler                 
00002757  Timer1B_Handler                 
0000279f  Timer2A_Handler                 
000024d5  TriggerSignalEnable             
00002439  UART_Init                       
00002489  UART_OutChar                    
000024a5  UART_OutUDec                    
2000046c  __STACK_END                     
00000200  __STACK_SIZE                    
2000046c  __STACK_TOP                     
00003cc8  __TI_CINIT_Base                 
00003ce0  __TI_CINIT_Limit                
00003cac  __TI_Handler_Table_Base         
00003cb8  __TI_Handler_Table_Limit        
00003415  __TI_auto_init                  
20000480  __TI_cleanup_ptr                
00003485  __TI_decompress_lzss            
000036dd  __TI_decompress_none            
20000484  __TI_dtors_ptr                  
20000488  __TI_enable_exit_profile_output 
ffffffff  __TI_pprof_out_hndl             
ffffffff  __TI_prof_data_size             
ffffffff  __TI_prof_data_start            
00000000  __TI_static_base__              
000036eb  __TI_zero_init                  
00003215  __aeabi_cdcmpeq                 
00003215  __aeabi_cdcmple                 
0000329b  __aeabi_cdrcmple                
000035e1  __aeabi_d2uiz                   
00002c77  __aeabi_dadd                    
00002fbd  __aeabi_dmul                    
00002c6d  __aeabi_dsub                    
00003663  __aeabi_i2d                     
00003321  __aeabi_memclr                  
00003321  __aeabi_memclr4                 
00003321  __aeabi_memclr8                 
00003179  __aeabi_memcpy                  
00003179  __aeabi_memcpy4                 
00003179  __aeabi_memcpy8                 
00003323  __aeabi_memset                  
00003323  __aeabi_memset4                 
00003323  __aeabi_memset8                 
00003691  __aeabi_ui2d                    
ffffffff  __binit__                       
ffffffff  __c_args__                      
00002e23  __mpu_init                      
2000026c  __stack                         
000036b1  _args_main                      
000034ed  _c_int00                        
20000498  _lock                           
000036d7  _nop                            
000036cf  _register_lock                  
000036c9  _register_unlock                
0000339b  _system_post_cinit              
00003709  _system_pre_init                
2000049c  _unlock                         
00003545  abort                           
ffffffff  binit                           
0000339d  compute_PID                     
00003595  copy_in                         
200004c0  count                           
200004d0  current_error                   
200004d2  distanceCM                      
200004a8  error                           
0000354d  exit                            
20000000  g_pfnRAMVectors                 
00000000  g_pfnVectors                    
20000470  k                               
200004d4  last_error                      
000030b9  main                            
200004a0  main_func_sp                    
20000494  measured                        
00003179  memcpy                          
00003329  memset                          
200004b8  output                          
200004c4  overFlowCount                   
2000048c  pulseWidth                      
20000490  risingEdgeMeasured              
200004a4  set_point                       
200004c8  ui32PWM_Freq                    
200004cc  ui32ServoLoad                   


GLOBAL SYMBOLS: SORTED BY Symbol Address 

address   name                            
-------   ----                            
00000000  __TI_static_base__              
00000000  g_pfnVectors                    
00000200  __STACK_SIZE                    
0000032f  SysCtlSRAMSizeGet               
00000339  SysCtlFlashSizeGet              
00000365  SysCtlFlashSectorSizeGet        
0000038d  SysCtlPeripheralPresent         
000003cd  SysCtlPeripheralReady           
0000040d  SysCtlPeripheralPowerOn         
00000449  SysCtlPeripheralPowerOff        
00000485  SysCtlPeripheralReset           
0000050d  SysCtlPeripheralEnable          
00000549  SysCtlPeripheralDisable         
0000058d  SysCtlPeripheralSleepEnable     
000005d1  SysCtlPeripheralSleepDisable    
0000060d  SysCtlPeripheralDeepSleepEnable 
0000065d  SysCtlPeripheralDeepSleepDisable
000006a5  SysCtlPeripheralClockGating     
000006f9  SysCtlIntRegister               
00000711  SysCtlIntUnregister             
00000721  SysCtlIntEnable                 
00000735  SysCtlIntDisable                
0000074d  SysCtlIntClear                  
0000075d  SysCtlIntStatus                 
00000779  SysCtlLDOSleepSet               
00000789  SysCtlLDOSleepGet               
0000078f  SysCtlLDODeepSleepSet           
0000079f  SysCtlLDODeepSleepGet           
000007a5  SysCtlSleepPowerSet             
000007b9  SysCtlDeepSleepPowerSet         
000007c9  SysCtlReset                     
000007d1  SysCtlSleep                     
000007d9  SysCtlDeepSleep                 
000007f5  SysCtlResetCauseGet             
000007fb  SysCtlResetCauseClear           
0000080f  SysCtlMOSCConfigSet             
00000825  SysCtlPIOSCCalibrate            
00000875  SysCtlResetBehaviorSet          
00000885  SysCtlResetBehaviorGet          
000008d9  SysCtlClockFreqSet              
00000bad  SysCtlClockSet                  
00000d7d  SysCtlClockGet                  
00000f29  SysCtlDeepSleepClockSet         
00000f45  SysCtlDeepSleepClockConfigSet   
00000fcf  SysCtlPWMClockSet               
00000fe9  SysCtlPWMClockGet               
00000fff  SysCtlGPIOAHBEnable             
0000101b  SysCtlGPIOAHBDisable            
00001037  SysCtlUSBPLLEnable              
00001043  SysCtlUSBPLLDisable             
00001055  SysCtlVoltageEventConfig        
00001069  SysCtlVoltageEventStatus        
00001075  SysCtlVoltageEventClear         
00001089  SysCtlVCOGet                    
00001149  SysCtlNMIStatus                 
00001159  SysCtlNMIClear                  
00001175  SysCtlClockOutConfig            
00001191  SysCtlAltClkConfig              
00001237  GPIODirModeSet                  
00001293  GPIODirModeGet                  
000012df  GPIOIntTypeSet                  
00001383  GPIOIntTypeGet                  
00001421  GPIOPadConfigSet                
0000165b  GPIOPadConfigGet                
000017ad  GPIOIntEnable                   
000017c7  GPIOIntDisable                  
000017e1  GPIOIntStatus                   
00001803  GPIOIntClear                    
00001817  GPIOIntRegister                 
00001835  GPIOIntUnregister               
0000184f  GPIOPinRead                     
00001867  GPIOPinWrite                    
00001887  GPIOPinTypeADC                  
000018ab  GPIOPinTypeCAN                  
000018cf  GPIOPinTypeComparator           
000018f3  GPIOPinTypeComparatorOutput     
00001917  GPIOPinTypeDIVSCLK              
0000193b  GPIOPinTypeEPI                  
0000195f  GPIOPinTypeEthernetLED          
00001983  GPIOPinTypeEthernetMII          
000019a7  GPIOPinTypeGPIOInput            
000019cb  GPIOPinTypeGPIOOutput           
000019ef  GPIOPinTypeGPIOOutputOD         
00001a13  GPIOPinTypeHibernateRTCCLK      
00001a37  GPIOPinTypeI2C                  
00001a5b  GPIOPinTypeI2CSCL               
00001a7f  GPIOPinTypeLCD                  
00001aa3  GPIOPinTypeOneWire              
00001ac7  GPIOPinTypePWM                  
00001aeb  GPIOPinTypeQEI                  
00001b0f  GPIOPinTypeSSI                  
00001b33  GPIOPinTypeTimer                
00001b57  GPIOPinTypeTrace                
00001b7b  GPIOPinTypeUART                 
00001b9f  GPIOPinTypeUSBAnalog            
00001bc3  GPIOPinTypeUSBDigital           
00001be7  GPIOPinTypeWakeHigh             
00001c0d  GPIOPinTypeWakeLow              
00001c33  GPIOPinWakeStatus               
00001c43  GPIOPinConfigure                
00001ca1  GPIODMATriggerEnable            
00001cbf  GPIODMATriggerDisable           
00001cdd  GPIOADCTriggerEnable            
00001cfb  GPIOADCTriggerDisable           
00001d21  PWMGenConfigure                 
00001d6b  PWMGenPeriodSet                 
00001d9b  PWMGenPeriodGet                 
00001dc5  PWMGenEnable                    
00001ddf  PWMGenDisable                   
00001df9  PWMPulseWidthSet                
00001e43  PWMPulseWidthGet                
00001e8d  PWMDeadBandEnable               
00001ec5  PWMDeadBandDisable              
00001ee1  PWMSyncUpdate                   
00001ef3  PWMSyncTimeBase                 
00001f05  PWMOutputState                  
00001f37  PWMOutputInvert                 
00001f69  PWMOutputFaultLevel             
00001f9b  PWMOutputFault                  
000020cd  PWMGenIntRegister               
000020f5  PWMGenIntUnregister             
0000215b  PWMFaultIntRegister             
00002179  PWMFaultIntUnregister           
00002193  PWMGenIntTrigEnable             
000021b1  PWMGenIntTrigDisable            
000021cf  PWMGenIntStatus                 
000021f9  PWMGenIntClear                  
00002211  PWMIntEnable                    
00002229  PWMIntDisable                   
00002241  PWMFaultIntClear                
00002253  PWMIntStatus                    
00002273  PWMFaultIntClearExt             
00002291  PWMGenFaultConfigure            
000022c1  PWMGenFaultTriggerSet           
000022eb  PWMGenFaultTriggerGet           
0000230f  PWMGenFaultStatus               
00002345  PWMGenFaultClear                
0000237b  PWMClockSet                     
0000239b  PWMClockGet                     
000023c5  PWMOutputUpdateMode             
00002439  UART_Init                       
00002489  UART_OutChar                    
000024a5  UART_OutUDec                    
000024d5  TriggerSignalEnable             
00002513  EnableEdgeModeTimers            
000025d1  Timer1AB_Init                   
00002655  Distance_Measure_Enable         
00002663  Restart_measurement             
00002679  Timer0A_Handler                 
0000272d  Timer0B_Handler                 
0000273f  Timer1A_Handler                 
00002757  Timer1B_Handler                 
0000279f  Timer2A_Handler                 
000027c9  Initialize_HCS04                
000028af  IntMasterEnable                 
000028bf  IntMasterDisable                
000028cf  IntRegister                     
00002921  IntUnregister                   
00002935  IntPriorityGroupingSet          
0000294f  IntPriorityGroupingGet          
00002987  IntPrioritySet                  
000029d7  IntPriorityGet                  
000029fb  IntEnable                       
00002a6d  IntDisable                      
00002adf  IntIsEnabled                    
00002b65  IntPendSet                      
00002bd5  IntPendClear                    
00002c23  IntPriorityMaskSet              
00002c2f  IntPriorityMaskGet              
00002c37  IntTrigger                      
00002c6d  __aeabi_dsub                    
00002c77  __aeabi_dadd                    
00002e23  __mpu_init                      
00002e25  Config_PWM                      
00002ed5  PWM_Set_Servo                   
00002fbd  __aeabi_dmul                    
000030b9  main                            
00003179  __aeabi_memcpy                  
00003179  __aeabi_memcpy4                 
00003179  __aeabi_memcpy8                 
00003179  memcpy                          
00003215  __aeabi_cdcmpeq                 
00003215  __aeabi_cdcmple                 
0000329b  __aeabi_cdrcmple                
00003321  __aeabi_memclr                  
00003321  __aeabi_memclr4                 
00003321  __aeabi_memclr8                 
00003323  __aeabi_memset                  
00003323  __aeabi_memset4                 
00003323  __aeabi_memset8                 
00003329  memset                          
0000339b  _system_post_cinit              
0000339d  compute_PID                     
00003415  __TI_auto_init                  
00003485  __TI_decompress_lzss            
000034ed  _c_int00                        
00003541  C$$EXIT                         
00003545  abort                           
0000354d  exit                            
00003595  copy_in                         
000035e1  __aeabi_d2uiz                   
00003625  CPUcpsid                        
00003631  CPUprimask                      
0000363b  CPUcpsie                        
00003647  CPUwfi                          
0000364b  CPUbasepriSet                   
00003659  CPUbasepriGet                   
00003663  __aeabi_i2d                     
00003691  __aeabi_ui2d                    
000036b1  _args_main                      
000036c9  _register_unlock                
000036cf  _register_lock                  
000036d7  _nop                            
000036dd  __TI_decompress_none            
000036eb  __TI_zero_init                  
000036f7  ResetISR                        
00003703  SysCtlDelay                     
00003709  _system_pre_init                
00003cac  __TI_Handler_Table_Base         
00003cb8  __TI_Handler_Table_Limit        
00003cc8  __TI_CINIT_Base                 
00003ce0  __TI_CINIT_Limit                
20000000  g_pfnRAMVectors                 
2000026c  __stack                         
2000046c  __STACK_END                     
2000046c  __STACK_TOP                     
20000470  k                               
20000480  __TI_cleanup_ptr                
20000484  __TI_dtors_ptr                  
20000488  __TI_enable_exit_profile_output 
2000048c  pulseWidth                      
20000490  risingEdgeMeasured              
20000494  measured                        
20000498  _lock                           
2000049c  _unlock                         
200004a0  main_func_sp                    
200004a4  set_point                       
200004a8  error                           
200004b8  output                          
200004c0  count                           
200004c4  overFlowCount                   
200004c8  ui32PWM_Freq                    
200004cc  ui32ServoLoad                   
200004d0  current_error                   
200004d2  distanceCM                      
200004d4  last_error                      
ffffffff  __TI_pprof_out_hndl             
ffffffff  __TI_prof_data_size             
ffffffff  __TI_prof_data_start            
ffffffff  __binit__                       
ffffffff  __c_args__                      
ffffffff  binit                           
UNDEFED   SHT$$INIT_ARRAY$$Base           
UNDEFED   SHT$$INIT_ARRAY$$Limit          

[254 symbols]
