<?xml version="1.0"?>
<link_info>
   <banner>TI ARM Linker PC v16.9.0.LTS</banner>
   <copyright>Copyright (c) 1996-2015 Texas Instruments Incorporated</copyright>
   <link_time>0x5e01bbad</link_time>
   <link_errors>0x0</link_errors>
   <output_file>Ball_On_Beam_PID.out</output_file>
   <entry_point>
      <name>_c_int00</name>
      <address>0x34ed</address>
   </entry_point>
   <input_file_list>
      <input_file id="fl-2">
         <path>.\</path>
         <kind>object</kind>
         <file>main.obj</file>
         <name>main.obj</name>
      </input_file>
      <input_file id="fl-3">
         <path>.\</path>
         <kind>object</kind>
         <file>tm4c123gh6pm_startup_ccs.obj</file>
         <name>tm4c123gh6pm_startup_ccs.obj</name>
      </input_file>
      <input_file id="fl-4">
         <path>.\Drivers\HC-S04_Distance_Sensor\</path>
         <kind>object</kind>
         <file>HC-S04_Driver.obj</file>
         <name>HC-S04_Driver.obj</name>
      </input_file>
      <input_file id="fl-5">
         <path>.\Drivers\Servo\</path>
         <kind>object</kind>
         <file>PWM_Driver.obj</file>
         <name>PWM_Driver.obj</name>
      </input_file>
      <input_file id="fl-6">
         <path>.\algo\</path>
         <kind>object</kind>
         <file>PID_driver.obj</file>
         <name>PID_driver.obj</name>
      </input_file>
      <input_file id="fl-7">
         <path>.\driverlib\</path>
         <kind>object</kind>
         <file>adc.obj</file>
         <name>adc.obj</name>
      </input_file>
      <input_file id="fl-8">
         <path>.\driverlib\</path>
         <kind>object</kind>
         <file>aes.obj</file>
         <name>aes.obj</name>
      </input_file>
      <input_file id="fl-9">
         <path>.\driverlib\</path>
         <kind>object</kind>
         <file>can.obj</file>
         <name>can.obj</name>
      </input_file>
      <input_file id="fl-a">
         <path>.\driverlib\</path>
         <kind>object</kind>
         <file>comp.obj</file>
         <name>comp.obj</name>
      </input_file>
      <input_file id="fl-b">
         <path>.\driverlib\</path>
         <kind>object</kind>
         <file>cpu.obj</file>
         <name>cpu.obj</name>
      </input_file>
      <input_file id="fl-c">
         <path>.\driverlib\</path>
         <kind>object</kind>
         <file>crc.obj</file>
         <name>crc.obj</name>
      </input_file>
      <input_file id="fl-d">
         <path>.\driverlib\</path>
         <kind>object</kind>
         <file>des.obj</file>
         <name>des.obj</name>
      </input_file>
      <input_file id="fl-e">
         <path>.\driverlib\</path>
         <kind>object</kind>
         <file>eeprom.obj</file>
         <name>eeprom.obj</name>
      </input_file>
      <input_file id="fl-f">
         <path>.\driverlib\</path>
         <kind>object</kind>
         <file>emac.obj</file>
         <name>emac.obj</name>
      </input_file>
      <input_file id="fl-10">
         <path>.\driverlib\</path>
         <kind>object</kind>
         <file>epi.obj</file>
         <name>epi.obj</name>
      </input_file>
      <input_file id="fl-11">
         <path>.\driverlib\</path>
         <kind>object</kind>
         <file>epi_workaround_ccs.obj</file>
         <name>epi_workaround_ccs.obj</name>
      </input_file>
      <input_file id="fl-12">
         <path>.\driverlib\</path>
         <kind>object</kind>
         <file>flash.obj</file>
         <name>flash.obj</name>
      </input_file>
      <input_file id="fl-13">
         <path>.\driverlib\</path>
         <kind>object</kind>
         <file>fpu.obj</file>
         <name>fpu.obj</name>
      </input_file>
      <input_file id="fl-14">
         <path>.\driverlib\</path>
         <kind>object</kind>
         <file>gpio.obj</file>
         <name>gpio.obj</name>
      </input_file>
      <input_file id="fl-15">
         <path>.\driverlib\</path>
         <kind>object</kind>
         <file>hibernate.obj</file>
         <name>hibernate.obj</name>
      </input_file>
      <input_file id="fl-16">
         <path>.\driverlib\</path>
         <kind>object</kind>
         <file>i2c.obj</file>
         <name>i2c.obj</name>
      </input_file>
      <input_file id="fl-17">
         <path>.\driverlib\</path>
         <kind>object</kind>
         <file>interrupt.obj</file>
         <name>interrupt.obj</name>
      </input_file>
      <input_file id="fl-18">
         <path>.\driverlib\</path>
         <kind>object</kind>
         <file>lcd.obj</file>
         <name>lcd.obj</name>
      </input_file>
      <input_file id="fl-19">
         <path>.\driverlib\</path>
         <kind>object</kind>
         <file>mpu.obj</file>
         <name>mpu.obj</name>
      </input_file>
      <input_file id="fl-1a">
         <path>.\driverlib\</path>
         <kind>object</kind>
         <file>onewire.obj</file>
         <name>onewire.obj</name>
      </input_file>
      <input_file id="fl-1b">
         <path>.\driverlib\</path>
         <kind>object</kind>
         <file>pwm.obj</file>
         <name>pwm.obj</name>
      </input_file>
      <input_file id="fl-1c">
         <path>.\driverlib\</path>
         <kind>object</kind>
         <file>qei.obj</file>
         <name>qei.obj</name>
      </input_file>
      <input_file id="fl-1d">
         <path>.\driverlib\</path>
         <kind>object</kind>
         <file>shamd5.obj</file>
         <name>shamd5.obj</name>
      </input_file>
      <input_file id="fl-1e">
         <path>.\driverlib\</path>
         <kind>object</kind>
         <file>ssi.obj</file>
         <name>ssi.obj</name>
      </input_file>
      <input_file id="fl-1f">
         <path>.\driverlib\</path>
         <kind>object</kind>
         <file>sw_crc.obj</file>
         <name>sw_crc.obj</name>
      </input_file>
      <input_file id="fl-20">
         <path>.\driverlib\</path>
         <kind>object</kind>
         <file>sysctl.obj</file>
         <name>sysctl.obj</name>
      </input_file>
      <input_file id="fl-21">
         <path>.\driverlib\</path>
         <kind>object</kind>
         <file>sysexc.obj</file>
         <name>sysexc.obj</name>
      </input_file>
      <input_file id="fl-22">
         <path>.\driverlib\</path>
         <kind>object</kind>
         <file>systick.obj</file>
         <name>systick.obj</name>
      </input_file>
      <input_file id="fl-23">
         <path>.\driverlib\</path>
         <kind>object</kind>
         <file>timer.obj</file>
         <name>timer.obj</name>
      </input_file>
      <input_file id="fl-24">
         <path>.\driverlib\</path>
         <kind>object</kind>
         <file>uart.obj</file>
         <name>uart.obj</name>
      </input_file>
      <input_file id="fl-25">
         <path>.\driverlib\</path>
         <kind>object</kind>
         <file>udma.obj</file>
         <name>udma.obj</name>
      </input_file>
      <input_file id="fl-26">
         <path>.\driverlib\</path>
         <kind>object</kind>
         <file>usb.obj</file>
         <name>usb.obj</name>
      </input_file>
      <input_file id="fl-27">
         <path>.\driverlib\</path>
         <kind>object</kind>
         <file>watchdog.obj</file>
         <name>watchdog.obj</name>
      </input_file>
      <input_file id="fl-e5">
         <path>C:\ti\ccsv7\tools\compiler\ti-cgt-arm_16.9.0.LTS\lib\</path>
         <kind>archive</kind>
         <file>rtsv7M4_T_le_v4SPD16_eabi.lib</file>
         <name>boot.obj</name>
      </input_file>
      <input_file id="fl-e6">
         <path>C:\ti\ccsv7\tools\compiler\ti-cgt-arm_16.9.0.LTS\lib\</path>
         <kind>archive</kind>
         <file>rtsv7M4_T_le_v4SPD16_eabi.lib</file>
         <name>copy_decompress_lzss.obj</name>
      </input_file>
      <input_file id="fl-e7">
         <path>C:\ti\ccsv7\tools\compiler\ti-cgt-arm_16.9.0.LTS\lib\</path>
         <kind>archive</kind>
         <file>rtsv7M4_T_le_v4SPD16_eabi.lib</file>
         <name>copy_decompress_none.obj</name>
      </input_file>
      <input_file id="fl-e8">
         <path>C:\ti\ccsv7\tools\compiler\ti-cgt-arm_16.9.0.LTS\lib\</path>
         <kind>archive</kind>
         <file>rtsv7M4_T_le_v4SPD16_eabi.lib</file>
         <name>copy_zero_init.obj</name>
      </input_file>
      <input_file id="fl-e9">
         <path>C:\ti\ccsv7\tools\compiler\ti-cgt-arm_16.9.0.LTS\lib\</path>
         <kind>archive</kind>
         <file>rtsv7M4_T_le_v4SPD16_eabi.lib</file>
         <name>exit.obj</name>
      </input_file>
      <input_file id="fl-ea">
         <path>C:\ti\ccsv7\tools\compiler\ti-cgt-arm_16.9.0.LTS\lib\</path>
         <kind>archive</kind>
         <file>rtsv7M4_T_le_v4SPD16_eabi.lib</file>
         <name>fd_add_t2.obj</name>
      </input_file>
      <input_file id="fl-eb">
         <path>C:\ti\ccsv7\tools\compiler\ti-cgt-arm_16.9.0.LTS\lib\</path>
         <kind>archive</kind>
         <file>rtsv7M4_T_le_v4SPD16_eabi.lib</file>
         <name>fd_cmp_t2.obj</name>
      </input_file>
      <input_file id="fl-ec">
         <path>C:\ti\ccsv7\tools\compiler\ti-cgt-arm_16.9.0.LTS\lib\</path>
         <kind>archive</kind>
         <file>rtsv7M4_T_le_v4SPD16_eabi.lib</file>
         <name>fd_mul_t2.obj</name>
      </input_file>
      <input_file id="fl-ed">
         <path>C:\ti\ccsv7\tools\compiler\ti-cgt-arm_16.9.0.LTS\lib\</path>
         <kind>archive</kind>
         <file>rtsv7M4_T_le_v4SPD16_eabi.lib</file>
         <name>fd_tou_t2.obj</name>
      </input_file>
      <input_file id="fl-ee">
         <path>C:\ti\ccsv7\tools\compiler\ti-cgt-arm_16.9.0.LTS\lib\</path>
         <kind>archive</kind>
         <file>rtsv7M4_T_le_v4SPD16_eabi.lib</file>
         <name>i_tofd_t2.obj</name>
      </input_file>
      <input_file id="fl-ef">
         <path>C:\ti\ccsv7\tools\compiler\ti-cgt-arm_16.9.0.LTS\lib\</path>
         <kind>archive</kind>
         <file>rtsv7M4_T_le_v4SPD16_eabi.lib</file>
         <name>memcpy_t2.obj</name>
      </input_file>
      <input_file id="fl-f0">
         <path>C:\ti\ccsv7\tools\compiler\ti-cgt-arm_16.9.0.LTS\lib\</path>
         <kind>archive</kind>
         <file>rtsv7M4_T_le_v4SPD16_eabi.lib</file>
         <name>memset_t2.obj</name>
      </input_file>
      <input_file id="fl-f1">
         <path>C:\ti\ccsv7\tools\compiler\ti-cgt-arm_16.9.0.LTS\lib\</path>
         <kind>archive</kind>
         <file>rtsv7M4_T_le_v4SPD16_eabi.lib</file>
         <name>mpu_init.obj</name>
      </input_file>
      <input_file id="fl-f2">
         <path>C:\ti\ccsv7\tools\compiler\ti-cgt-arm_16.9.0.LTS\lib\</path>
         <kind>archive</kind>
         <file>rtsv7M4_T_le_v4SPD16_eabi.lib</file>
         <name>pre_init.obj</name>
      </input_file>
      <input_file id="fl-f3">
         <path>C:\ti\ccsv7\tools\compiler\ti-cgt-arm_16.9.0.LTS\lib\</path>
         <kind>archive</kind>
         <file>rtsv7M4_T_le_v4SPD16_eabi.lib</file>
         <name>stkdepth_vars.obj</name>
      </input_file>
      <input_file id="fl-f4">
         <path>C:\ti\ccsv7\tools\compiler\ti-cgt-arm_16.9.0.LTS\lib\</path>
         <kind>archive</kind>
         <file>rtsv7M4_T_le_v4SPD16_eabi.lib</file>
         <name>u_tofd_t2.obj</name>
      </input_file>
      <input_file id="fl-f5">
         <path>C:\ti\ccsv7\tools\compiler\ti-cgt-arm_16.9.0.LTS\lib\</path>
         <kind>archive</kind>
         <file>rtsv7M4_T_le_v4SPD16_eabi.lib</file>
         <name>_lock.obj</name>
      </input_file>
      <input_file id="fl-f6">
         <path>C:\ti\ccsv7\tools\compiler\ti-cgt-arm_16.9.0.LTS\lib\</path>
         <kind>archive</kind>
         <file>rtsv7M4_T_le_v4SPD16_eabi.lib</file>
         <name>args_main.obj</name>
      </input_file>
      <input_file id="fl-f7">
         <path>C:\ti\ccsv7\tools\compiler\ti-cgt-arm_16.9.0.LTS\lib\</path>
         <kind>archive</kind>
         <file>rtsv7M4_T_le_v4SPD16_eabi.lib</file>
         <name>autoinit.obj</name>
      </input_file>
      <input_file id="fl-f8">
         <path>C:\ti\ccsv7\tools\compiler\ti-cgt-arm_16.9.0.LTS\lib\</path>
         <kind>archive</kind>
         <file>rtsv7M4_T_le_v4SPD16_eabi.lib</file>
         <name>cpy_tbl.obj</name>
      </input_file>
      <input_file id="fl-f9">
         <path>C:\ti\ccsv7\tools\compiler\ti-cgt-arm_16.9.0.LTS\lib\</path>
         <kind>archive</kind>
         <file>rtsv7M4_T_le_v4SPD16_eabi.lib</file>
         <name>startup.obj</name>
      </input_file>
   </input_file_list>
   <object_component_list>
      <object_component id="oc-f">
         <name>.intvecs</name>
         <load_address>0x0</load_address>
         <run_address>0x0</run_address>
         <size>0x26c</size>
         <input_file_ref idref="fl-3"/>
      </object_component>
      <object_component id="oc-f9">
         <name>.text</name>
         <load_address>0x26c</load_address>
         <run_address>0x26c</run_address>
         <size>0xf68</size>
         <input_file_ref idref="fl-20"/>
      </object_component>
      <object_component id="oc-154">
         <name>.text</name>
         <load_address>0x11d4</load_address>
         <run_address>0x11d4</run_address>
         <size>0xb4c</size>
         <input_file_ref idref="fl-14"/>
      </object_component>
      <object_component id="oc-15a">
         <name>.text</name>
         <load_address>0x1d20</load_address>
         <run_address>0x1d20</run_address>
         <size>0x718</size>
         <input_file_ref idref="fl-1b"/>
      </object_component>
      <object_component id="oc-31">
         <name>.text</name>
         <load_address>0x2438</load_address>
         <run_address>0x2438</run_address>
         <size>0x474</size>
         <input_file_ref idref="fl-4"/>
      </object_component>
      <object_component id="oc-105">
         <name>.text</name>
         <load_address>0x28ac</load_address>
         <run_address>0x28ac</run_address>
         <size>0x3c0</size>
         <input_file_ref idref="fl-17"/>
      </object_component>
      <object_component id="oc-165">
         <name>.text</name>
         <load_address>0x2c6c</load_address>
         <run_address>0x2c6c</run_address>
         <size>0x1b6</size>
         <input_file_ref idref="fl-ea"/>
      </object_component>
      <object_component id="oc-5d">
         <name>.text</name>
         <load_address>0x2e22</load_address>
         <run_address>0x2e22</run_address>
         <size>0x2</size>
         <input_file_ref idref="fl-f1"/>
      </object_component>
      <object_component id="oc-ff">
         <name>.text</name>
         <load_address>0x2e24</load_address>
         <run_address>0x2e24</run_address>
         <size>0x198</size>
         <input_file_ref idref="fl-5"/>
      </object_component>
      <object_component id="oc-85">
         <name>.text</name>
         <load_address>0x2fbc</load_address>
         <run_address>0x2fbc</run_address>
         <size>0xfc</size>
         <input_file_ref idref="fl-ec"/>
      </object_component>
      <object_component id="oc-c7">
         <name>.text</name>
         <load_address>0x30b8</load_address>
         <run_address>0x30b8</run_address>
         <size>0xc0</size>
         <input_file_ref idref="fl-2"/>
      </object_component>
      <object_component id="oc-45">
         <name>.text</name>
         <load_address>0x3178</load_address>
         <run_address>0x3178</run_address>
         <size>0x9c</size>
         <input_file_ref idref="fl-ef"/>
      </object_component>
      <object_component id="oc-16a">
         <name>.text:__aeabi_cdcmple</name>
         <load_address>0x3214</load_address>
         <run_address>0x3214</run_address>
         <size>0x86</size>
         <input_file_ref idref="fl-eb"/>
      </object_component>
      <object_component id="oc-160">
         <name>.text:__aeabi_cdrcmple</name>
         <load_address>0x329a</load_address>
         <run_address>0x329a</run_address>
         <size>0x86</size>
         <input_file_ref idref="fl-eb"/>
      </object_component>
      <object_component id="oc-51">
         <name>.text</name>
         <load_address>0x3320</load_address>
         <run_address>0x3320</run_address>
         <size>0x7a</size>
         <input_file_ref idref="fl-f0"/>
      </object_component>
      <object_component id="oc-bf">
         <name>.text</name>
         <load_address>0x339a</load_address>
         <run_address>0x339a</run_address>
         <size>0x2</size>
         <input_file_ref idref="fl-f9"/>
      </object_component>
      <object_component id="oc-10b">
         <name>.text</name>
         <load_address>0x339c</load_address>
         <run_address>0x339c</run_address>
         <size>0x78</size>
         <input_file_ref idref="fl-6"/>
      </object_component>
      <object_component id="oc-69">
         <name>.text</name>
         <load_address>0x3414</load_address>
         <run_address>0x3414</run_address>
         <size>0x70</size>
         <input_file_ref idref="fl-f7"/>
      </object_component>
      <object_component id="oc-12">
         <name>.text:decompress:lzss</name>
         <load_address>0x3484</load_address>
         <run_address>0x3484</run_address>
         <size>0x68</size>
         <input_file_ref idref="fl-e6"/>
      </object_component>
      <object_component id="oc-24">
         <name>.text</name>
         <load_address>0x34ec</load_address>
         <run_address>0x34ec</run_address>
         <size>0x54</size>
         <input_file_ref idref="fl-e5"/>
      </object_component>
      <object_component id="oc-75">
         <name>.text</name>
         <load_address>0x3540</load_address>
         <run_address>0x3540</run_address>
         <size>0x54</size>
         <input_file_ref idref="fl-e9"/>
      </object_component>
      <object_component id="oc-b9">
         <name>.text</name>
         <load_address>0x3594</load_address>
         <run_address>0x3594</run_address>
         <size>0x4c</size>
         <input_file_ref idref="fl-f8"/>
      </object_component>
      <object_component id="oc-8a">
         <name>.text</name>
         <load_address>0x35e0</load_address>
         <run_address>0x35e0</run_address>
         <size>0x44</size>
         <input_file_ref idref="fl-ed"/>
      </object_component>
      <object_component id="oc-143">
         <name>.text</name>
         <load_address>0x3624</load_address>
         <run_address>0x3624</run_address>
         <size>0x3e</size>
         <input_file_ref idref="fl-b"/>
      </object_component>
      <object_component id="oc-111">
         <name>.text</name>
         <load_address>0x3662</load_address>
         <run_address>0x3662</run_address>
         <size>0x2e</size>
         <input_file_ref idref="fl-ee"/>
      </object_component>
      <object_component id="oc-80">
         <name>.text</name>
         <load_address>0x3690</load_address>
         <run_address>0x3690</run_address>
         <size>0x20</size>
         <input_file_ref idref="fl-f4"/>
      </object_component>
      <object_component id="oc-6f">
         <name>.text</name>
         <load_address>0x36b0</load_address>
         <run_address>0x36b0</run_address>
         <size>0x18</size>
         <input_file_ref idref="fl-f6"/>
      </object_component>
      <object_component id="oc-128">
         <name>.text</name>
         <load_address>0x36c8</load_address>
         <run_address>0x36c8</run_address>
         <size>0x14</size>
         <input_file_ref idref="fl-f5"/>
      </object_component>
      <object_component id="oc-18">
         <name>.text:decompress:none</name>
         <load_address>0x36dc</load_address>
         <run_address>0x36dc</run_address>
         <size>0xe</size>
         <input_file_ref idref="fl-e7"/>
      </object_component>
      <object_component id="oc-1e">
         <name>.text:decompress:ZI</name>
         <load_address>0x36ea</load_address>
         <run_address>0x36ea</run_address>
         <size>0xc</size>
         <input_file_ref idref="fl-e8"/>
      </object_component>
      <object_component id="oc-2b">
         <name>.text</name>
         <load_address>0x36f6</load_address>
         <run_address>0x36f6</run_address>
         <size>0xc</size>
         <input_file_ref idref="fl-3"/>
      </object_component>
      <object_component id="oc-116">
         <name>.text:SysCtlDelay</name>
         <load_address>0x3702</load_address>
         <run_address>0x3702</run_address>
         <size>0x6</size>
         <input_file_ref idref="fl-20"/>
      </object_component>
      <object_component id="oc-63">
         <name>.text</name>
         <load_address>0x3708</load_address>
         <run_address>0x3708</run_address>
         <size>0x4</size>
         <input_file_ref idref="fl-f2"/>
      </object_component>
      <object_component id="oc-14f">
         <name>.const:g_pppui32XTALtoVCO</name>
         <load_address>0x370c</load_address>
         <run_address>0x370c</run_address>
         <size>0x1b0</size>
         <input_file_ref idref="fl-20"/>
      </object_component>
      <object_component id="oc-1a8">
         <name>.const:g_ppui32GPIOIntMapBlizzard</name>
         <load_address>0x38bc</load_address>
         <run_address>0x38bc</run_address>
         <size>0xc0</size>
         <input_file_ref idref="fl-14"/>
      </object_component>
      <object_component id="oc-1ae">
         <name>.const:g_ppui32GPIOIntMapSnowflake</name>
         <load_address>0x397c</load_address>
         <run_address>0x397c</run_address>
         <size>0xc0</size>
         <input_file_ref idref="fl-14"/>
      </object_component>
      <object_component id="oc-17a">
         <name>.const:g_pui32Regs</name>
         <load_address>0x3a3c</load_address>
         <run_address>0x3a3c</run_address>
         <size>0x9c</size>
         <input_file_ref idref="fl-17"/>
      </object_component>
      <object_component id="oc-1b1">
         <name>.const:g_pui32GPIOBaseAddrs</name>
         <load_address>0x3ad8</load_address>
         <run_address>0x3ad8</run_address>
         <size>0x90</size>
         <input_file_ref idref="fl-14"/>
      </object_component>
      <object_component id="oc-149">
         <name>.const:g_pui32Xtals</name>
         <load_address>0x3b68</load_address>
         <run_address>0x3b68</run_address>
         <size>0x6c</size>
         <input_file_ref idref="fl-20"/>
      </object_component>
      <object_component id="oc-140">
         <name>.const:g_sXTALtoMEMTIM</name>
         <load_address>0x3bd4</load_address>
         <run_address>0x3bd4</run_address>
         <size>0x30</size>
         <input_file_ref idref="fl-20"/>
      </object_component>
      <object_component id="oc-177">
         <name>.const:g_pui32Priority</name>
         <load_address>0x3c04</load_address>
         <run_address>0x3c04</run_address>
         <size>0x20</size>
         <input_file_ref idref="fl-17"/>
      </object_component>
      <object_component id="oc-180">
         <name>.const:g_pui32Dii16Regs</name>
         <load_address>0x3c24</load_address>
         <run_address>0x3c24</run_address>
         <size>0x14</size>
         <input_file_ref idref="fl-17"/>
      </object_component>
      <object_component id="oc-17d">
         <name>.const:g_pui32EnRegs</name>
         <load_address>0x3c38</load_address>
         <run_address>0x3c38</run_address>
         <size>0x14</size>
         <input_file_ref idref="fl-17"/>
      </object_component>
      <object_component id="oc-183">
         <name>.const:g_pui32PendRegs</name>
         <load_address>0x3c4c</load_address>
         <run_address>0x3c4c</run_address>
         <size>0x14</size>
         <input_file_ref idref="fl-17"/>
      </object_component>
      <object_component id="oc-186">
         <name>.const:g_pui32UnpendRegs</name>
         <load_address>0x3c60</load_address>
         <run_address>0x3c60</run_address>
         <size>0x14</size>
         <input_file_ref idref="fl-17"/>
      </object_component>
      <object_component id="oc-14c">
         <name>.const:g_pui32VCOFrequencies</name>
         <load_address>0x3c74</load_address>
         <run_address>0x3c74</run_address>
         <size>0x8</size>
         <input_file_ref idref="fl-20"/>
      </object_component>
      <object_component id="oc-1ab">
         <name>.const</name>
         <load_address>0x3c7c</load_address>
         <run_address>0x3c7c</run_address>
         <size>0x8</size>
         <input_file_ref idref="fl-14"/>
      </object_component>
      <object_component id="oc-1fd">
         <name>.cinit..data.load</name>
         <load_address>0x3c88</load_address>
         <run_address>0x3c88</run_address>
         <size>0x21</size>
      </object_component>
      <object_component id="oc-1fa">
         <name>__TI_handler_table</name>
         <load_address>0x3cac</load_address>
         <run_address>0x3cac</run_address>
         <size>0xc</size>
      </object_component>
      <object_component id="oc-1fe">
         <name>.cinit..bss.load</name>
         <load_address>0x3cb8</load_address>
         <run_address>0x3cb8</run_address>
         <size>0x8</size>
      </object_component>
      <object_component id="oc-1fc">
         <name>.cinit..vtable.load</name>
         <load_address>0x3cc0</load_address>
         <run_address>0x3cc0</run_address>
         <size>0x8</size>
      </object_component>
      <object_component id="oc-1fb">
         <name>__TI_cinit_table</name>
         <load_address>0x3cc8</load_address>
         <run_address>0x3cc8</run_address>
         <size>0x18</size>
      </object_component>
      <object_component id="oc-174">
         <name>.vtable</name>
         <uninitialized>true</uninitialized>
         <run_address>0x20000000</run_address>
         <size>0x26c</size>
         <input_file_ref idref="fl-17"/>
      </object_component>
      <object_component id="oc-117">
         <name>.data</name>
         <load_address>0x200004a4</load_address>
         <run_address>0x200004a4</run_address>
         <size>0x2</size>
         <input_file_ref idref="fl-2"/>
      </object_component>
      <object_component id="oc-8f">
         <name>.data</name>
         <load_address>0x2000048c</load_address>
         <run_address>0x2000048c</run_address>
         <size>0xc</size>
         <input_file_ref idref="fl-4"/>
      </object_component>
      <object_component id="oc-18b">
         <name>.data:k</name>
         <load_address>0x20000470</load_address>
         <run_address>0x20000470</run_address>
         <size>0x10</size>
         <input_file_ref idref="fl-6"/>
      </object_component>
      <object_component id="oc-cf">
         <name>.data:$O1$$</name>
         <load_address>0x20000480</load_address>
         <run_address>0x20000480</run_address>
         <size>0xc</size>
         <input_file_ref idref="fl-e9"/>
      </object_component>
      <object_component id="oc-7b">
         <name>.data</name>
         <load_address>0x200004a0</load_address>
         <run_address>0x200004a0</run_address>
         <size>0x4</size>
         <input_file_ref idref="fl-f3"/>
      </object_component>
      <object_component id="oc-d2">
         <name>.data:$O1$$</name>
         <load_address>0x20000498</load_address>
         <run_address>0x20000498</run_address>
         <size>0x8</size>
         <input_file_ref idref="fl-f5"/>
      </object_component>
      <object_component id="oc-11a">
         <name>.common:output</name>
         <uninitialized>true</uninitialized>
         <run_address>0x200004b8</run_address>
         <size>0x8</size>
      </object_component>
      <object_component id="oc-92">
         <name>.common:distanceCM</name>
         <uninitialized>true</uninitialized>
         <run_address>0x200004d2</run_address>
         <size>0x2</size>
      </object_component>
      <object_component id="oc-98">
         <name>.common:overFlowCount</name>
         <uninitialized>true</uninitialized>
         <run_address>0x200004c4</run_address>
         <size>0x4</size>
      </object_component>
      <object_component id="oc-95">
         <name>.common:count</name>
         <uninitialized>true</uninitialized>
         <run_address>0x200004c0</run_address>
         <size>0x4</size>
      </object_component>
      <object_component id="oc-16f">
         <name>.common:ui32PWM_Freq</name>
         <uninitialized>true</uninitialized>
         <run_address>0x200004c8</run_address>
         <size>0x4</size>
      </object_component>
      <object_component id="oc-172">
         <name>.common:ui32ServoLoad</name>
         <uninitialized>true</uninitialized>
         <run_address>0x200004cc</run_address>
         <size>0x4</size>
      </object_component>
      <object_component id="oc-11d">
         <name>.common:error</name>
         <uninitialized>true</uninitialized>
         <run_address>0x200004a8</run_address>
         <size>0x10</size>
      </object_component>
      <object_component id="oc-18e">
         <name>.common:current_error</name>
         <uninitialized>true</uninitialized>
         <run_address>0x200004d0</run_address>
         <size>0x2</size>
      </object_component>
      <object_component id="oc-18f">
         <name>.common:last_error</name>
         <uninitialized>true</uninitialized>
         <run_address>0x200004d4</run_address>
         <size>0x2</size>
      </object_component>
      <object_component id="oc-2a">
         <name>.stack</name>
         <uninitialized>true</uninitialized>
         <run_address>0x2000026c</run_address>
         <size>0x0</size>
         <input_file_ref idref="fl-e5"/>
      </object_component>
      <object_component id="oc-1ff">
         <name>.stack</name>
         <uninitialized>true</uninitialized>
         <run_address>0x2000026c</run_address>
         <size>0x0</size>
      </object_component>
      <object_component id="oc-11b">
         <name>.debug_info</name>
         <load_address>0x0</load_address>
         <run_address>0x0</run_address>
         <size>0x2ef</size>
         <input_file_ref idref="fl-2"/>
      </object_component>
      <object_component id="oc-118">
         <name>.debug_info</name>
         <load_address>0x2ef</load_address>
         <run_address>0x2ef</run_address>
         <size>0xcf</size>
         <input_file_ref idref="fl-2"/>
      </object_component>
      <object_component id="oc-c8">
         <name>.debug_info</name>
         <load_address>0x3be</load_address>
         <run_address>0x3be</run_address>
         <size>0x20a</size>
         <input_file_ref idref="fl-2"/>
      </object_component>
      <object_component id="oc-e3">
         <name>.debug_info</name>
         <load_address>0x5c8</load_address>
         <run_address>0x5c8</run_address>
         <size>0x8b</size>
         <input_file_ref idref="fl-2"/>
      </object_component>
      <object_component id="oc-9c">
         <name>.debug_info</name>
         <load_address>0x653</load_address>
         <run_address>0x653</run_address>
         <size>0x18b</size>
         <input_file_ref idref="fl-2"/>
      </object_component>
      <object_component id="oc-39">
         <name>.debug_info</name>
         <load_address>0x7de</load_address>
         <run_address>0x7de</run_address>
         <size>0x1bc</size>
         <input_file_ref idref="fl-3"/>
      </object_component>
      <object_component id="oc-10">
         <name>.debug_info</name>
         <load_address>0x99a</load_address>
         <run_address>0x99a</run_address>
         <size>0xe9</size>
         <input_file_ref idref="fl-3"/>
      </object_component>
      <object_component id="oc-2c">
         <name>.debug_info</name>
         <load_address>0xa83</load_address>
         <run_address>0xa83</run_address>
         <size>0x265</size>
         <input_file_ref idref="fl-3"/>
      </object_component>
      <object_component id="oc-40">
         <name>.debug_info</name>
         <load_address>0xce8</load_address>
         <run_address>0xce8</run_address>
         <size>0x84</size>
         <input_file_ref idref="fl-3"/>
      </object_component>
      <object_component id="oc-93">
         <name>.debug_info</name>
         <load_address>0xd6c</load_address>
         <run_address>0xd6c</run_address>
         <size>0x1d4</size>
         <input_file_ref idref="fl-4"/>
      </object_component>
      <object_component id="oc-90">
         <name>.debug_info</name>
         <load_address>0xf40</load_address>
         <run_address>0xf40</run_address>
         <size>0x14f</size>
         <input_file_ref idref="fl-4"/>
      </object_component>
      <object_component id="oc-32">
         <name>.debug_info</name>
         <load_address>0x108f</load_address>
         <run_address>0x108f</run_address>
         <size>0xaf9</size>
         <input_file_ref idref="fl-4"/>
      </object_component>
      <object_component id="oc-170">
         <name>.debug_info</name>
         <load_address>0x1b88</load_address>
         <run_address>0x1b88</run_address>
         <size>0x35e</size>
         <input_file_ref idref="fl-5"/>
      </object_component>
      <object_component id="oc-100">
         <name>.debug_info</name>
         <load_address>0x1ee6</load_address>
         <run_address>0x1ee6</run_address>
         <size>0x551</size>
         <input_file_ref idref="fl-5"/>
      </object_component>
      <object_component id="oc-96">
         <name>.debug_info</name>
         <load_address>0x2437</load_address>
         <run_address>0x2437</run_address>
         <size>0x185</size>
         <input_file_ref idref="fl-6"/>
      </object_component>
      <object_component id="oc-18c">
         <name>.debug_info</name>
         <load_address>0x25bc</load_address>
         <run_address>0x25bc</run_address>
         <size>0xca</size>
         <input_file_ref idref="fl-6"/>
      </object_component>
      <object_component id="oc-10f">
         <name>.debug_info</name>
         <load_address>0x2686</load_address>
         <run_address>0x2686</run_address>
         <size>0x200</size>
         <input_file_ref idref="fl-6"/>
      </object_component>
      <object_component id="oc-147">
         <name>.debug_info</name>
         <load_address>0x2886</load_address>
         <run_address>0x2886</run_address>
         <size>0x58c</size>
         <input_file_ref idref="fl-b"/>
      </object_component>
      <object_component id="oc-1b5">
         <name>.debug_info</name>
         <load_address>0x2e12</load_address>
         <run_address>0x2e12</run_address>
         <size>0x1d1</size>
         <input_file_ref idref="fl-14"/>
      </object_component>
      <object_component id="oc-1a9">
         <name>.debug_info</name>
         <load_address>0x2fe3</load_address>
         <run_address>0x2fe3</run_address>
         <size>0x128</size>
         <input_file_ref idref="fl-14"/>
      </object_component>
      <object_component id="oc-1ac">
         <name>.debug_info</name>
         <load_address>0x310b</load_address>
         <run_address>0x310b</run_address>
         <size>0x176</size>
         <input_file_ref idref="fl-14"/>
      </object_component>
      <object_component id="oc-1af">
         <name>.debug_info</name>
         <load_address>0x3281</load_address>
         <run_address>0x3281</run_address>
         <size>0x12a</size>
         <input_file_ref idref="fl-14"/>
      </object_component>
      <object_component id="oc-1b2">
         <name>.debug_info</name>
         <load_address>0x33ab</load_address>
         <run_address>0x33ab</run_address>
         <size>0x11c</size>
         <input_file_ref idref="fl-14"/>
      </object_component>
      <object_component id="oc-158">
         <name>.debug_info</name>
         <load_address>0x34c7</load_address>
         <run_address>0x34c7</run_address>
         <size>0x3f9c</size>
         <input_file_ref idref="fl-14"/>
      </object_component>
      <object_component id="oc-18a">
         <name>.debug_info</name>
         <load_address>0x7463</load_address>
         <run_address>0x7463</run_address>
         <size>0x1b9</size>
         <input_file_ref idref="fl-17"/>
      </object_component>
      <object_component id="oc-178">
         <name>.debug_info</name>
         <load_address>0x761c</load_address>
         <run_address>0x761c</run_address>
         <size>0x117</size>
         <input_file_ref idref="fl-17"/>
      </object_component>
      <object_component id="oc-17b">
         <name>.debug_info</name>
         <load_address>0x7733</load_address>
         <run_address>0x7733</run_address>
         <size>0x10f</size>
         <input_file_ref idref="fl-17"/>
      </object_component>
      <object_component id="oc-17e">
         <name>.debug_info</name>
         <load_address>0x7842</load_address>
         <run_address>0x7842</run_address>
         <size>0x113</size>
         <input_file_ref idref="fl-17"/>
      </object_component>
      <object_component id="oc-181">
         <name>.debug_info</name>
         <load_address>0x7955</load_address>
         <run_address>0x7955</run_address>
         <size>0x119</size>
         <input_file_ref idref="fl-17"/>
      </object_component>
      <object_component id="oc-184">
         <name>.debug_info</name>
         <load_address>0x7a6e</load_address>
         <run_address>0x7a6e</run_address>
         <size>0x117</size>
         <input_file_ref idref="fl-17"/>
      </object_component>
      <object_component id="oc-187">
         <name>.debug_info</name>
         <load_address>0x7b85</load_address>
         <run_address>0x7b85</run_address>
         <size>0x11b</size>
         <input_file_ref idref="fl-17"/>
      </object_component>
      <object_component id="oc-175">
         <name>.debug_info</name>
         <load_address>0x7ca0</load_address>
         <run_address>0x7ca0</run_address>
         <size>0x118</size>
         <input_file_ref idref="fl-17"/>
      </object_component>
      <object_component id="oc-109">
         <name>.debug_info</name>
         <load_address>0x7db8</load_address>
         <run_address>0x7db8</run_address>
         <size>0x1334</size>
         <input_file_ref idref="fl-17"/>
      </object_component>
      <object_component id="oc-1b7">
         <name>.debug_info</name>
         <load_address>0x90ec</load_address>
         <run_address>0x90ec</run_address>
         <size>0x18e</size>
         <input_file_ref idref="fl-1b"/>
      </object_component>
      <object_component id="oc-15c">
         <name>.debug_info</name>
         <load_address>0x927a</load_address>
         <run_address>0x927a</run_address>
         <size>0x3551</size>
         <input_file_ref idref="fl-1b"/>
      </object_component>
      <object_component id="oc-153">
         <name>.debug_info</name>
         <load_address>0xc7cb</load_address>
         <run_address>0xc7cb</run_address>
         <size>0x23e</size>
         <input_file_ref idref="fl-20"/>
      </object_component>
      <object_component id="oc-14a">
         <name>.debug_info</name>
         <load_address>0xca09</load_address>
         <run_address>0xca09</run_address>
         <size>0x10e</size>
         <input_file_ref idref="fl-20"/>
      </object_component>
      <object_component id="oc-150">
         <name>.debug_info</name>
         <load_address>0xcb17</load_address>
         <run_address>0xcb17</run_address>
         <size>0x11a</size>
         <input_file_ref idref="fl-20"/>
      </object_component>
      <object_component id="oc-141">
         <name>.debug_info</name>
         <load_address>0xcc31</load_address>
         <run_address>0xcc31</run_address>
         <size>0x114</size>
         <input_file_ref idref="fl-20"/>
      </object_component>
      <object_component id="oc-14d">
         <name>.debug_info</name>
         <load_address>0xcd45</load_address>
         <run_address>0xcd45</run_address>
         <size>0x121</size>
         <input_file_ref idref="fl-20"/>
      </object_component>
      <object_component id="oc-fa">
         <name>.debug_info</name>
         <load_address>0xce66</load_address>
         <run_address>0xce66</run_address>
         <size>0x3fbe</size>
         <input_file_ref idref="fl-20"/>
      </object_component>
      <object_component id="oc-1a4">
         <name>.debug_info</name>
         <load_address>0x10e24</load_address>
         <run_address>0x10e24</run_address>
         <size>0x51</size>
         <input_file_ref idref="fl-20"/>
      </object_component>
      <object_component id="oc-26">
         <name>.debug_info</name>
         <load_address>0x10e75</load_address>
         <run_address>0x10e75</run_address>
         <size>0x160</size>
         <input_file_ref idref="fl-e5"/>
      </object_component>
      <object_component id="oc-a6">
         <name>.debug_info</name>
         <load_address>0x10fd5</load_address>
         <run_address>0x10fd5</run_address>
         <size>0xf9</size>
         <input_file_ref idref="fl-e6"/>
      </object_component>
      <object_component id="oc-15">
         <name>.debug_info</name>
         <load_address>0x110ce</load_address>
         <run_address>0x110ce</run_address>
         <size>0x245</size>
         <input_file_ref idref="fl-e6"/>
      </object_component>
      <object_component id="oc-3b">
         <name>.debug_info</name>
         <load_address>0x11313</load_address>
         <run_address>0x11313</run_address>
         <size>0x60</size>
         <input_file_ref idref="fl-e6"/>
      </object_component>
      <object_component id="oc-a1">
         <name>.debug_info</name>
         <load_address>0x11373</load_address>
         <run_address>0x11373</run_address>
         <size>0x46</size>
         <input_file_ref idref="fl-e6"/>
      </object_component>
      <object_component id="oc-50">
         <name>.debug_info</name>
         <load_address>0x113b9</load_address>
         <run_address>0x113b9</run_address>
         <size>0x140</size>
         <input_file_ref idref="fl-e7"/>
      </object_component>
      <object_component id="oc-19">
         <name>.debug_info</name>
         <load_address>0x114f9</load_address>
         <run_address>0x114f9</run_address>
         <size>0x1df</size>
         <input_file_ref idref="fl-e7"/>
      </object_component>
      <object_component id="oc-4b">
         <name>.debug_info</name>
         <load_address>0x116d8</load_address>
         <run_address>0x116d8</run_address>
         <size>0x46</size>
         <input_file_ref idref="fl-e7"/>
      </object_component>
      <object_component id="oc-a8">
         <name>.debug_info</name>
         <load_address>0x1171e</load_address>
         <run_address>0x1171e</run_address>
         <size>0x2c</size>
         <input_file_ref idref="fl-e7"/>
      </object_component>
      <object_component id="oc-5c">
         <name>.debug_info</name>
         <load_address>0x1174a</load_address>
         <run_address>0x1174a</run_address>
         <size>0x12f</size>
         <input_file_ref idref="fl-e8"/>
      </object_component>
      <object_component id="oc-20">
         <name>.debug_info</name>
         <load_address>0x11879</load_address>
         <run_address>0x11879</run_address>
         <size>0x1aa</size>
         <input_file_ref idref="fl-e8"/>
      </object_component>
      <object_component id="oc-57">
         <name>.debug_info</name>
         <load_address>0x11a23</load_address>
         <run_address>0x11a23</run_address>
         <size>0x46</size>
         <input_file_ref idref="fl-e8"/>
      </object_component>
      <object_component id="oc-b0">
         <name>.debug_info</name>
         <load_address>0x11a69</load_address>
         <run_address>0x11a69</run_address>
         <size>0x2c</size>
         <input_file_ref idref="fl-e8"/>
      </object_component>
      <object_component id="oc-d6">
         <name>.debug_info</name>
         <load_address>0x11a95</load_address>
         <run_address>0x11a95</run_address>
         <size>0x234</size>
         <input_file_ref idref="fl-e9"/>
      </object_component>
      <object_component id="oc-d0">
         <name>.debug_info</name>
         <load_address>0x11cc9</load_address>
         <run_address>0x11cc9</run_address>
         <size>0x185</size>
         <input_file_ref idref="fl-e9"/>
      </object_component>
      <object_component id="oc-76">
         <name>.debug_info</name>
         <load_address>0x11e4e</load_address>
         <run_address>0x11e4e</run_address>
         <size>0x214</size>
         <input_file_ref idref="fl-e9"/>
      </object_component>
      <object_component id="oc-166">
         <name>.debug_info</name>
         <load_address>0x12062</load_address>
         <run_address>0x12062</run_address>
         <size>0x144</size>
         <input_file_ref idref="fl-ea"/>
      </object_component>
      <object_component id="oc-16c">
         <name>.debug_info</name>
         <load_address>0x121a6</load_address>
         <run_address>0x121a6</run_address>
         <size>0x120</size>
         <input_file_ref idref="fl-eb"/>
      </object_component>
      <object_component id="oc-162">
         <name>.debug_info</name>
         <load_address>0x122c6</load_address>
         <run_address>0x122c6</run_address>
         <size>0x122</size>
         <input_file_ref idref="fl-eb"/>
      </object_component>
      <object_component id="oc-86">
         <name>.debug_info</name>
         <load_address>0x123e8</load_address>
         <run_address>0x123e8</run_address>
         <size>0x132</size>
         <input_file_ref idref="fl-ec"/>
      </object_component>
      <object_component id="oc-8b">
         <name>.debug_info</name>
         <load_address>0x1251a</load_address>
         <run_address>0x1251a</run_address>
         <size>0x131</size>
         <input_file_ref idref="fl-ed"/>
      </object_component>
      <object_component id="oc-112">
         <name>.debug_info</name>
         <load_address>0x1264b</load_address>
         <run_address>0x1264b</run_address>
         <size>0x124</size>
         <input_file_ref idref="fl-ee"/>
      </object_component>
      <object_component id="oc-48">
         <name>.debug_info</name>
         <load_address>0x1276f</load_address>
         <run_address>0x1276f</run_address>
         <size>0x111</size>
         <input_file_ref idref="fl-ef"/>
      </object_component>
      <object_component id="oc-52">
         <name>.debug_info</name>
         <load_address>0x12880</load_address>
         <run_address>0x12880</run_address>
         <size>0x13f</size>
         <input_file_ref idref="fl-f0"/>
      </object_component>
      <object_component id="oc-60">
         <name>.debug_info</name>
         <load_address>0x129bf</load_address>
         <run_address>0x129bf</run_address>
         <size>0x138</size>
         <input_file_ref idref="fl-f1"/>
      </object_component>
      <object_component id="oc-66">
         <name>.debug_info</name>
         <load_address>0x12af7</load_address>
         <run_address>0x12af7</run_address>
         <size>0x148</size>
         <input_file_ref idref="fl-f2"/>
      </object_component>
      <object_component id="oc-7c">
         <name>.debug_info</name>
         <load_address>0x12c3f</load_address>
         <run_address>0x12c3f</run_address>
         <size>0x109</size>
         <input_file_ref idref="fl-f3"/>
      </object_component>
      <object_component id="oc-81">
         <name>.debug_info</name>
         <load_address>0x12d48</load_address>
         <run_address>0x12d48</run_address>
         <size>0x126</size>
         <input_file_ref idref="fl-f4"/>
      </object_component>
      <object_component id="oc-130">
         <name>.debug_info</name>
         <load_address>0x12e6e</load_address>
         <run_address>0x12e6e</run_address>
         <size>0x124</size>
         <input_file_ref idref="fl-f5"/>
      </object_component>
      <object_component id="oc-d3">
         <name>.debug_info</name>
         <load_address>0x12f92</load_address>
         <run_address>0x12f92</run_address>
         <size>0x113</size>
         <input_file_ref idref="fl-f5"/>
      </object_component>
      <object_component id="oc-129">
         <name>.debug_info</name>
         <load_address>0x130a5</load_address>
         <run_address>0x130a5</run_address>
         <size>0x21f</size>
         <input_file_ref idref="fl-f5"/>
      </object_component>
      <object_component id="oc-ce">
         <name>.debug_info</name>
         <load_address>0x132c4</load_address>
         <run_address>0x132c4</run_address>
         <size>0x166</size>
         <input_file_ref idref="fl-f6"/>
      </object_component>
      <object_component id="oc-72">
         <name>.debug_info</name>
         <load_address>0x1342a</load_address>
         <run_address>0x1342a</run_address>
         <size>0x167</size>
         <input_file_ref idref="fl-f6"/>
      </object_component>
      <object_component id="oc-121">
         <name>.debug_info</name>
         <load_address>0x13591</load_address>
         <run_address>0x13591</run_address>
         <size>0x5e</size>
         <input_file_ref idref="fl-f6"/>
      </object_component>
      <object_component id="oc-c6">
         <name>.debug_info</name>
         <load_address>0x135ef</load_address>
         <run_address>0x135ef</run_address>
         <size>0x2e9</size>
         <input_file_ref idref="fl-f7"/>
      </object_component>
      <object_component id="oc-6c">
         <name>.debug_info</name>
         <load_address>0x138d8</load_address>
         <run_address>0x138d8</run_address>
         <size>0x190</size>
         <input_file_ref idref="fl-f7"/>
      </object_component>
      <object_component id="oc-ef">
         <name>.debug_info</name>
         <load_address>0x13a68</load_address>
         <run_address>0x13a68</run_address>
         <size>0x39</size>
         <input_file_ref idref="fl-f7"/>
      </object_component>
      <object_component id="oc-13b">
         <name>.debug_info</name>
         <load_address>0x13aa1</load_address>
         <run_address>0x13aa1</run_address>
         <size>0x39</size>
         <input_file_ref idref="fl-f7"/>
      </object_component>
      <object_component id="oc-f4">
         <name>.debug_info</name>
         <load_address>0x13ada</load_address>
         <run_address>0x13ada</run_address>
         <size>0xcd</size>
         <input_file_ref idref="fl-f7"/>
      </object_component>
      <object_component id="oc-eb">
         <name>.debug_info</name>
         <load_address>0x13ba7</load_address>
         <run_address>0x13ba7</run_address>
         <size>0x1e0</size>
         <input_file_ref idref="fl-f8"/>
      </object_component>
      <object_component id="oc-ba">
         <name>.debug_info</name>
         <load_address>0x13d87</load_address>
         <run_address>0x13d87</run_address>
         <size>0x183</size>
         <input_file_ref idref="fl-f8"/>
      </object_component>
      <object_component id="oc-136">
         <name>.debug_info</name>
         <load_address>0x13f0a</load_address>
         <run_address>0x13f0a</run_address>
         <size>0x2c</size>
         <input_file_ref idref="fl-f8"/>
      </object_component>
      <object_component id="oc-c2">
         <name>.debug_info</name>
         <load_address>0x13f36</load_address>
         <run_address>0x13f36</run_address>
         <size>0x145</size>
         <input_file_ref idref="fl-f9"/>
      </object_component>
      <object_component id="oc-200">
         <name>.debug_info</name>
         <load_address>0x1407b</load_address>
         <run_address>0x1407b</run_address>
         <size>0x9f</size>
      </object_component>
      <object_component id="oc-195">
         <name>.debug_line</name>
         <load_address>0x0</load_address>
         <run_address>0x0</run_address>
         <size>0xbe</size>
         <input_file_ref idref="fl-2"/>
      </object_component>
      <object_component id="oc-193">
         <name>.debug_line</name>
         <load_address>0xbe</load_address>
         <run_address>0xbe</run_address>
         <size>0x2d</size>
         <input_file_ref idref="fl-2"/>
      </object_component>
      <object_component id="oc-cb">
         <name>.debug_line</name>
         <load_address>0xeb</load_address>
         <run_address>0xeb</run_address>
         <size>0x5c</size>
         <input_file_ref idref="fl-2"/>
      </object_component>
      <object_component id="oc-e6">
         <name>.debug_line</name>
         <load_address>0x147</load_address>
         <run_address>0x147</run_address>
         <size>0x20</size>
         <input_file_ref idref="fl-2"/>
      </object_component>
      <object_component id="oc-9f">
         <name>.debug_line</name>
         <load_address>0x167</load_address>
         <run_address>0x167</run_address>
         <size>0x65</size>
         <input_file_ref idref="fl-2"/>
      </object_component>
      <object_component id="oc-9b">
         <name>.debug_line</name>
         <load_address>0x1cc</load_address>
         <run_address>0x1cc</run_address>
         <size>0x41</size>
         <input_file_ref idref="fl-3"/>
      </object_component>
      <object_component id="oc-38">
         <name>.debug_line</name>
         <load_address>0x20d</load_address>
         <run_address>0x20d</run_address>
         <size>0x41</size>
         <input_file_ref idref="fl-3"/>
      </object_component>
      <object_component id="oc-30">
         <name>.debug_line</name>
         <load_address>0x24e</load_address>
         <run_address>0x24e</run_address>
         <size>0xa1</size>
         <input_file_ref idref="fl-3"/>
      </object_component>
      <object_component id="oc-43">
         <name>.debug_line</name>
         <load_address>0x2ef</load_address>
         <run_address>0x2ef</run_address>
         <size>0x20</size>
         <input_file_ref idref="fl-3"/>
      </object_component>
      <object_component id="oc-e0">
         <name>.debug_line</name>
         <load_address>0x30f</load_address>
         <run_address>0x30f</run_address>
         <size>0x55</size>
         <input_file_ref idref="fl-4"/>
      </object_component>
      <object_component id="oc-de">
         <name>.debug_line</name>
         <load_address>0x364</load_address>
         <run_address>0x364</run_address>
         <size>0x55</size>
         <input_file_ref idref="fl-4"/>
      </object_component>
      <object_component id="oc-35">
         <name>.debug_line</name>
         <load_address>0x3b9</load_address>
         <run_address>0x3b9</run_address>
         <size>0x228</size>
         <input_file_ref idref="fl-4"/>
      </object_component>
      <object_component id="oc-1bc">
         <name>.debug_line</name>
         <load_address>0x5e1</load_address>
         <run_address>0x5e1</run_address>
         <size>0x111</size>
         <input_file_ref idref="fl-5"/>
      </object_component>
      <object_component id="oc-104">
         <name>.debug_line</name>
         <load_address>0x6f2</load_address>
         <run_address>0x6f2</run_address>
         <size>0xa1</size>
         <input_file_ref idref="fl-5"/>
      </object_component>
      <object_component id="oc-e2">
         <name>.debug_line</name>
         <load_address>0x793</load_address>
         <run_address>0x793</run_address>
         <size>0x38</size>
         <input_file_ref idref="fl-6"/>
      </object_component>
      <object_component id="oc-1ce">
         <name>.debug_line</name>
         <load_address>0x7cb</load_address>
         <run_address>0x7cb</run_address>
         <size>0x38</size>
         <input_file_ref idref="fl-6"/>
      </object_component>
      <object_component id="oc-10e">
         <name>.debug_line</name>
         <load_address>0x803</load_address>
         <run_address>0x803</run_address>
         <size>0x53</size>
         <input_file_ref idref="fl-6"/>
      </object_component>
      <object_component id="oc-146">
         <name>.debug_line</name>
         <load_address>0x856</load_address>
         <run_address>0x856</run_address>
         <size>0x107</size>
         <input_file_ref idref="fl-b"/>
      </object_component>
      <object_component id="oc-1d8">
         <name>.debug_line</name>
         <load_address>0x95d</load_address>
         <run_address>0x95d</run_address>
         <size>0x6a</size>
         <input_file_ref idref="fl-14"/>
      </object_component>
      <object_component id="oc-1d0">
         <name>.debug_line</name>
         <load_address>0x9c7</load_address>
         <run_address>0x9c7</run_address>
         <size>0x65</size>
         <input_file_ref idref="fl-14"/>
      </object_component>
      <object_component id="oc-1d2">
         <name>.debug_line</name>
         <load_address>0xa2c</load_address>
         <run_address>0xa2c</run_address>
         <size>0x65</size>
         <input_file_ref idref="fl-14"/>
      </object_component>
      <object_component id="oc-1d4">
         <name>.debug_line</name>
         <load_address>0xa91</load_address>
         <run_address>0xa91</run_address>
         <size>0x65</size>
         <input_file_ref idref="fl-14"/>
      </object_component>
      <object_component id="oc-1d6">
         <name>.debug_line</name>
         <load_address>0xaf6</load_address>
         <run_address>0xaf6</run_address>
         <size>0x65</size>
         <input_file_ref idref="fl-14"/>
      </object_component>
      <object_component id="oc-156">
         <name>.debug_line</name>
         <load_address>0xb5b</load_address>
         <run_address>0xb5b</run_address>
         <size>0x626</size>
         <input_file_ref idref="fl-14"/>
      </object_component>
      <object_component id="oc-1cc">
         <name>.debug_line</name>
         <load_address>0x1181</load_address>
         <run_address>0x1181</run_address>
         <size>0x64</size>
         <input_file_ref idref="fl-17"/>
      </object_component>
      <object_component id="oc-1c0">
         <name>.debug_line</name>
         <load_address>0x11e5</load_address>
         <run_address>0x11e5</run_address>
         <size>0x6a</size>
         <input_file_ref idref="fl-17"/>
      </object_component>
      <object_component id="oc-1c2">
         <name>.debug_line</name>
         <load_address>0x124f</load_address>
         <run_address>0x124f</run_address>
         <size>0x6a</size>
         <input_file_ref idref="fl-17"/>
      </object_component>
      <object_component id="oc-1c4">
         <name>.debug_line</name>
         <load_address>0x12b9</load_address>
         <run_address>0x12b9</run_address>
         <size>0x6a</size>
         <input_file_ref idref="fl-17"/>
      </object_component>
      <object_component id="oc-1c6">
         <name>.debug_line</name>
         <load_address>0x1323</load_address>
         <run_address>0x1323</run_address>
         <size>0x6a</size>
         <input_file_ref idref="fl-17"/>
      </object_component>
      <object_component id="oc-1c8">
         <name>.debug_line</name>
         <load_address>0x138d</load_address>
         <run_address>0x138d</run_address>
         <size>0x6a</size>
         <input_file_ref idref="fl-17"/>
      </object_component>
      <object_component id="oc-1ca">
         <name>.debug_line</name>
         <load_address>0x13f7</load_address>
         <run_address>0x13f7</run_address>
         <size>0x6a</size>
         <input_file_ref idref="fl-17"/>
      </object_component>
      <object_component id="oc-1be">
         <name>.debug_line</name>
         <load_address>0x1461</load_address>
         <run_address>0x1461</run_address>
         <size>0x6a</size>
         <input_file_ref idref="fl-17"/>
      </object_component>
      <object_component id="oc-106">
         <name>.debug_line</name>
         <load_address>0x14cb</load_address>
         <run_address>0x14cb</run_address>
         <size>0x31b</size>
         <input_file_ref idref="fl-17"/>
      </object_component>
      <object_component id="oc-1da">
         <name>.debug_line</name>
         <load_address>0x17e6</load_address>
         <run_address>0x17e6</run_address>
         <size>0x6a</size>
         <input_file_ref idref="fl-1b"/>
      </object_component>
      <object_component id="oc-15e">
         <name>.debug_line</name>
         <load_address>0x1850</load_address>
         <run_address>0x1850</run_address>
         <size>0x585</size>
         <input_file_ref idref="fl-1b"/>
      </object_component>
      <object_component id="oc-1a3">
         <name>.debug_line</name>
         <load_address>0x1dd5</load_address>
         <run_address>0x1dd5</run_address>
         <size>0xf5</size>
         <input_file_ref idref="fl-20"/>
      </object_component>
      <object_component id="oc-19d">
         <name>.debug_line</name>
         <load_address>0x1eca</load_address>
         <run_address>0x1eca</run_address>
         <size>0x67</size>
         <input_file_ref idref="fl-20"/>
      </object_component>
      <object_component id="oc-1a1">
         <name>.debug_line</name>
         <load_address>0x1f31</load_address>
         <run_address>0x1f31</run_address>
         <size>0x67</size>
         <input_file_ref idref="fl-20"/>
      </object_component>
      <object_component id="oc-19a">
         <name>.debug_line</name>
         <load_address>0x1f98</load_address>
         <run_address>0x1f98</run_address>
         <size>0x67</size>
         <input_file_ref idref="fl-20"/>
      </object_component>
      <object_component id="oc-19f">
         <name>.debug_line</name>
         <load_address>0x1fff</load_address>
         <run_address>0x1fff</run_address>
         <size>0x67</size>
         <input_file_ref idref="fl-20"/>
      </object_component>
      <object_component id="oc-fd">
         <name>.debug_line</name>
         <load_address>0x2066</load_address>
         <run_address>0x2066</run_address>
         <size>0x9c7</size>
         <input_file_ref idref="fl-20"/>
      </object_component>
      <object_component id="oc-1a6">
         <name>.debug_line</name>
         <load_address>0x2a2d</load_address>
         <run_address>0x2a2d</run_address>
         <size>0x67</size>
         <input_file_ref idref="fl-20"/>
      </object_component>
      <object_component id="oc-25">
         <name>.debug_line</name>
         <load_address>0x2a94</load_address>
         <run_address>0x2a94</run_address>
         <size>0x53</size>
         <input_file_ref idref="fl-e5"/>
      </object_component>
      <object_component id="oc-e9">
         <name>.debug_line</name>
         <load_address>0x2ae7</load_address>
         <run_address>0x2ae7</run_address>
         <size>0x20</size>
         <input_file_ref idref="fl-e6"/>
      </object_component>
      <object_component id="oc-14">
         <name>.debug_line</name>
         <load_address>0x2b07</load_address>
         <run_address>0x2b07</run_address>
         <size>0xa9</size>
         <input_file_ref idref="fl-e6"/>
      </object_component>
      <object_component id="oc-3e">
         <name>.debug_line</name>
         <load_address>0x2bb0</load_address>
         <run_address>0x2bb0</run_address>
         <size>0x3a</size>
         <input_file_ref idref="fl-e6"/>
      </object_component>
      <object_component id="oc-a4">
         <name>.debug_line</name>
         <load_address>0x2bea</load_address>
         <run_address>0x2bea</run_address>
         <size>0x8a</size>
         <input_file_ref idref="fl-e6"/>
      </object_component>
      <object_component id="oc-ae">
         <name>.debug_line</name>
         <load_address>0x2c74</load_address>
         <run_address>0x2c74</run_address>
         <size>0x8a</size>
         <input_file_ref idref="fl-e7"/>
      </object_component>
      <object_component id="oc-1d">
         <name>.debug_line</name>
         <load_address>0x2cfe</load_address>
         <run_address>0x2cfe</run_address>
         <size>0x55</size>
         <input_file_ref idref="fl-e7"/>
      </object_component>
      <object_component id="oc-4e">
         <name>.debug_line</name>
         <load_address>0x2d53</load_address>
         <run_address>0x2d53</run_address>
         <size>0x3a</size>
         <input_file_ref idref="fl-e7"/>
      </object_component>
      <object_component id="oc-ab">
         <name>.debug_line</name>
         <load_address>0x2d8d</load_address>
         <run_address>0x2d8d</run_address>
         <size>0x8a</size>
         <input_file_ref idref="fl-e7"/>
      </object_component>
      <object_component id="oc-b6">
         <name>.debug_line</name>
         <load_address>0x2e17</load_address>
         <run_address>0x2e17</run_address>
         <size>0x8a</size>
         <input_file_ref idref="fl-e8"/>
      </object_component>
      <object_component id="oc-1f">
         <name>.debug_line</name>
         <load_address>0x2ea1</load_address>
         <run_address>0x2ea1</run_address>
         <size>0x4f</size>
         <input_file_ref idref="fl-e8"/>
      </object_component>
      <object_component id="oc-5a">
         <name>.debug_line</name>
         <load_address>0x2ef0</load_address>
         <run_address>0x2ef0</run_address>
         <size>0x34</size>
         <input_file_ref idref="fl-e8"/>
      </object_component>
      <object_component id="oc-b3">
         <name>.debug_line</name>
         <load_address>0x2f24</load_address>
         <run_address>0x2f24</run_address>
         <size>0x8a</size>
         <input_file_ref idref="fl-e8"/>
      </object_component>
      <object_component id="oc-133">
         <name>.debug_line</name>
         <load_address>0x2fae</load_address>
         <run_address>0x2fae</run_address>
         <size>0xf2</size>
         <input_file_ref idref="fl-e9"/>
      </object_component>
      <object_component id="oc-127">
         <name>.debug_line</name>
         <load_address>0x30a0</load_address>
         <run_address>0x30a0</run_address>
         <size>0x2a</size>
         <input_file_ref idref="fl-e9"/>
      </object_component>
      <object_component id="oc-7a">
         <name>.debug_line</name>
         <load_address>0x30ca</load_address>
         <run_address>0x30ca</run_address>
         <size>0x86</size>
         <input_file_ref idref="fl-e9"/>
      </object_component>
      <object_component id="oc-169">
         <name>.debug_line</name>
         <load_address>0x3150</load_address>
         <run_address>0x3150</run_address>
         <size>0xd2</size>
         <input_file_ref idref="fl-ea"/>
      </object_component>
      <object_component id="oc-16b">
         <name>.debug_line</name>
         <load_address>0x3222</load_address>
         <run_address>0x3222</run_address>
         <size>0x77</size>
         <input_file_ref idref="fl-eb"/>
      </object_component>
      <object_component id="oc-161">
         <name>.debug_line</name>
         <load_address>0x3299</load_address>
         <run_address>0x3299</run_address>
         <size>0x77</size>
         <input_file_ref idref="fl-eb"/>
      </object_component>
      <object_component id="oc-89">
         <name>.debug_line</name>
         <load_address>0x3310</load_address>
         <run_address>0x3310</run_address>
         <size>0x8e</size>
         <input_file_ref idref="fl-ec"/>
      </object_component>
      <object_component id="oc-8e">
         <name>.debug_line</name>
         <load_address>0x339e</load_address>
         <run_address>0x339e</run_address>
         <size>0x59</size>
         <input_file_ref idref="fl-ed"/>
      </object_component>
      <object_component id="oc-115">
         <name>.debug_line</name>
         <load_address>0x33f7</load_address>
         <run_address>0x33f7</run_address>
         <size>0x50</size>
         <input_file_ref idref="fl-ee"/>
      </object_component>
      <object_component id="oc-46">
         <name>.debug_line</name>
         <load_address>0x3447</load_address>
         <run_address>0x3447</run_address>
         <size>0x88</size>
         <input_file_ref idref="fl-ef"/>
      </object_component>
      <object_component id="oc-55">
         <name>.debug_line</name>
         <load_address>0x34cf</load_address>
         <run_address>0x34cf</run_address>
         <size>0x79</size>
         <input_file_ref idref="fl-f0"/>
      </object_component>
      <object_component id="oc-62">
         <name>.debug_line</name>
         <load_address>0x3548</load_address>
         <run_address>0x3548</run_address>
         <size>0x3d</size>
         <input_file_ref idref="fl-f1"/>
      </object_component>
      <object_component id="oc-68">
         <name>.debug_line</name>
         <load_address>0x3585</load_address>
         <run_address>0x3585</run_address>
         <size>0x40</size>
         <input_file_ref idref="fl-f2"/>
      </object_component>
      <object_component id="oc-d9">
         <name>.debug_line</name>
         <load_address>0x35c5</load_address>
         <run_address>0x35c5</run_address>
         <size>0x33</size>
         <input_file_ref idref="fl-f3"/>
      </object_component>
      <object_component id="oc-84">
         <name>.debug_line</name>
         <load_address>0x35f8</load_address>
         <run_address>0x35f8</run_address>
         <size>0x4c</size>
         <input_file_ref idref="fl-f4"/>
      </object_component>
      <object_component id="oc-198">
         <name>.debug_line</name>
         <load_address>0x3644</load_address>
         <run_address>0x3644</run_address>
         <size>0x20</size>
         <input_file_ref idref="fl-f5"/>
      </object_component>
      <object_component id="oc-12f">
         <name>.debug_line</name>
         <load_address>0x3664</load_address>
         <run_address>0x3664</run_address>
         <size>0x2b</size>
         <input_file_ref idref="fl-f5"/>
      </object_component>
      <object_component id="oc-12d">
         <name>.debug_line</name>
         <load_address>0x368f</load_address>
         <run_address>0x368f</run_address>
         <size>0x68</size>
         <input_file_ref idref="fl-f5"/>
      </object_component>
      <object_component id="oc-120">
         <name>.debug_line</name>
         <load_address>0x36f7</load_address>
         <run_address>0x36f7</run_address>
         <size>0x2b</size>
         <input_file_ref idref="fl-f6"/>
      </object_component>
      <object_component id="oc-74">
         <name>.debug_line</name>
         <load_address>0x3722</load_address>
         <run_address>0x3722</run_address>
         <size>0x4a</size>
         <input_file_ref idref="fl-f6"/>
      </object_component>
      <object_component id="oc-124">
         <name>.debug_line</name>
         <load_address>0x376c</load_address>
         <run_address>0x376c</run_address>
         <size>0x2b</size>
         <input_file_ref idref="fl-f6"/>
      </object_component>
      <object_component id="oc-ee">
         <name>.debug_line</name>
         <load_address>0x3797</load_address>
         <run_address>0x3797</run_address>
         <size>0xa9</size>
         <input_file_ref idref="fl-f7"/>
      </object_component>
      <object_component id="oc-6b">
         <name>.debug_line</name>
         <load_address>0x3840</load_address>
         <run_address>0x3840</run_address>
         <size>0x8b</size>
         <input_file_ref idref="fl-f7"/>
      </object_component>
      <object_component id="oc-f2">
         <name>.debug_line</name>
         <load_address>0x38cb</load_address>
         <run_address>0x38cb</run_address>
         <size>0x2e</size>
         <input_file_ref idref="fl-f7"/>
      </object_component>
      <object_component id="oc-13e">
         <name>.debug_line</name>
         <load_address>0x38f9</load_address>
         <run_address>0x38f9</run_address>
         <size>0x8a</size>
         <input_file_ref idref="fl-f7"/>
      </object_component>
      <object_component id="oc-f7">
         <name>.debug_line</name>
         <load_address>0x3983</load_address>
         <run_address>0x3983</run_address>
         <size>0x8b</size>
         <input_file_ref idref="fl-f7"/>
      </object_component>
      <object_component id="oc-135">
         <name>.debug_line</name>
         <load_address>0x3a0e</load_address>
         <run_address>0x3a0e</run_address>
         <size>0x98</size>
         <input_file_ref idref="fl-f8"/>
      </object_component>
      <object_component id="oc-bd">
         <name>.debug_line</name>
         <load_address>0x3aa6</load_address>
         <run_address>0x3aa6</run_address>
         <size>0x68</size>
         <input_file_ref idref="fl-f8"/>
      </object_component>
      <object_component id="oc-139">
         <name>.debug_line</name>
         <load_address>0x3b0e</load_address>
         <run_address>0x3b0e</run_address>
         <size>0x2e</size>
         <input_file_ref idref="fl-f8"/>
      </object_component>
      <object_component id="oc-c0">
         <name>.debug_line</name>
         <load_address>0x3b3c</load_address>
         <run_address>0x3b3c</run_address>
         <size>0x3c</size>
         <input_file_ref idref="fl-f9"/>
      </object_component>
      <object_component id="oc-cc">
         <name>.debug_frame</name>
         <load_address>0x0</load_address>
         <run_address>0x0</run_address>
         <size>0x5a</size>
         <input_file_ref idref="fl-2"/>
      </object_component>
      <object_component id="oc-2f">
         <name>.debug_frame</name>
         <load_address>0x5a</load_address>
         <run_address>0x5a</run_address>
         <size>0x84</size>
         <input_file_ref idref="fl-3"/>
      </object_component>
      <object_component id="oc-36">
         <name>.debug_frame</name>
         <load_address>0xde</load_address>
         <run_address>0xde</run_address>
         <size>0x14c</size>
         <input_file_ref idref="fl-4"/>
      </object_component>
      <object_component id="oc-103">
         <name>.debug_frame</name>
         <load_address>0x22a</load_address>
         <run_address>0x22a</run_address>
         <size>0x7a</size>
         <input_file_ref idref="fl-5"/>
      </object_component>
      <object_component id="oc-10d">
         <name>.debug_frame</name>
         <load_address>0x2a4</load_address>
         <run_address>0x2a4</run_address>
         <size>0x5c</size>
         <input_file_ref idref="fl-6"/>
      </object_component>
      <object_component id="oc-145">
         <name>.debug_frame</name>
         <load_address>0x300</load_address>
         <run_address>0x300</run_address>
         <size>0xac</size>
         <input_file_ref idref="fl-b"/>
      </object_component>
      <object_component id="oc-155">
         <name>.debug_frame</name>
         <load_address>0x3ac</load_address>
         <run_address>0x3ac</run_address>
         <size>0x51b</size>
         <input_file_ref idref="fl-14"/>
      </object_component>
      <object_component id="oc-107">
         <name>.debug_frame</name>
         <load_address>0x8c7</load_address>
         <run_address>0x8c7</run_address>
         <size>0x1c5</size>
         <input_file_ref idref="fl-17"/>
      </object_component>
      <object_component id="oc-15f">
         <name>.debug_frame</name>
         <load_address>0xa8c</load_address>
         <run_address>0xa8c</run_address>
         <size>0x3bf</size>
         <input_file_ref idref="fl-1b"/>
      </object_component>
      <object_component id="oc-fe">
         <name>.debug_frame</name>
         <load_address>0xe4b</load_address>
         <run_address>0xe4b</run_address>
         <size>0x562</size>
         <input_file_ref idref="fl-20"/>
      </object_component>
      <object_component id="oc-13">
         <name>.debug_frame</name>
         <load_address>0x13ad</load_address>
         <run_address>0x13ad</run_address>
         <size>0x60</size>
         <input_file_ref idref="fl-e6"/>
      </object_component>
      <object_component id="oc-1c">
         <name>.debug_frame</name>
         <load_address>0x140d</load_address>
         <run_address>0x140d</run_address>
         <size>0x51</size>
         <input_file_ref idref="fl-e7"/>
      </object_component>
      <object_component id="oc-23">
         <name>.debug_frame</name>
         <load_address>0x145e</load_address>
         <run_address>0x145e</run_address>
         <size>0x51</size>
         <input_file_ref idref="fl-e8"/>
      </object_component>
      <object_component id="oc-79">
         <name>.debug_frame</name>
         <load_address>0x14af</load_address>
         <run_address>0x14af</run_address>
         <size>0x85</size>
         <input_file_ref idref="fl-e9"/>
      </object_component>
      <object_component id="oc-5f">
         <name>.debug_frame</name>
         <load_address>0x1534</load_address>
         <run_address>0x1534</run_address>
         <size>0x51</size>
         <input_file_ref idref="fl-f1"/>
      </object_component>
      <object_component id="oc-65">
         <name>.debug_frame</name>
         <load_address>0x1585</load_address>
         <run_address>0x1585</run_address>
         <size>0x51</size>
         <input_file_ref idref="fl-f2"/>
      </object_component>
      <object_component id="oc-12c">
         <name>.debug_frame</name>
         <load_address>0x15d6</load_address>
         <run_address>0x15d6</run_address>
         <size>0x73</size>
         <input_file_ref idref="fl-f5"/>
      </object_component>
      <object_component id="oc-71">
         <name>.debug_frame</name>
         <load_address>0x1649</load_address>
         <run_address>0x1649</run_address>
         <size>0x51</size>
         <input_file_ref idref="fl-f6"/>
      </object_component>
      <object_component id="oc-6a">
         <name>.debug_frame</name>
         <load_address>0x169a</load_address>
         <run_address>0x169a</run_address>
         <size>0x5c</size>
         <input_file_ref idref="fl-f7"/>
      </object_component>
      <object_component id="oc-be">
         <name>.debug_frame</name>
         <load_address>0x16f6</load_address>
         <run_address>0x16f6</run_address>
         <size>0x60</size>
         <input_file_ref idref="fl-f8"/>
      </object_component>
      <object_component id="oc-c1">
         <name>.debug_frame</name>
         <load_address>0x1756</load_address>
         <run_address>0x1756</run_address>
         <size>0x51</size>
         <input_file_ref idref="fl-f9"/>
      </object_component>
      <object_component id="oc-194">
         <name>.debug_abbrev</name>
         <load_address>0x0</load_address>
         <run_address>0x0</run_address>
         <size>0xc5</size>
         <input_file_ref idref="fl-2"/>
      </object_component>
      <object_component id="oc-192">
         <name>.debug_abbrev</name>
         <load_address>0xc5</load_address>
         <run_address>0xc5</run_address>
         <size>0x29</size>
         <input_file_ref idref="fl-2"/>
      </object_component>
      <object_component id="oc-11e">
         <name>.debug_abbrev</name>
         <load_address>0xee</load_address>
         <run_address>0xee</run_address>
         <size>0x62</size>
         <input_file_ref idref="fl-2"/>
      </object_component>
      <object_component id="oc-e5">
         <name>.debug_abbrev</name>
         <load_address>0x150</load_address>
         <run_address>0x150</run_address>
         <size>0x1f</size>
         <input_file_ref idref="fl-2"/>
      </object_component>
      <object_component id="oc-9e">
         <name>.debug_abbrev</name>
         <load_address>0x16f</load_address>
         <run_address>0x16f</run_address>
         <size>0x35</size>
         <input_file_ref idref="fl-2"/>
      </object_component>
      <object_component id="oc-9a">
         <name>.debug_abbrev</name>
         <load_address>0x1a4</load_address>
         <run_address>0x1a4</run_address>
         <size>0x68</size>
         <input_file_ref idref="fl-3"/>
      </object_component>
      <object_component id="oc-37">
         <name>.debug_abbrev</name>
         <load_address>0x20c</load_address>
         <run_address>0x20c</run_address>
         <size>0x29</size>
         <input_file_ref idref="fl-3"/>
      </object_component>
      <object_component id="oc-7f">
         <name>.debug_abbrev</name>
         <load_address>0x235</load_address>
[...]
         <name>PWMFaultIntClearExt</name>
         <value>0x2273</value>
         <object_component_ref idref="oc-15a"/>
      </symbol>
      <symbol id="sm-34b">
         <name>PWMIntDisable</name>
         <value>0x2229</value>
         <object_component_ref idref="oc-15a"/>
      </symbol>
      <symbol id="sm-34c">
         <name>PWMGenFaultConfigure</name>
         <value>0x2291</value>
         <object_component_ref idref="oc-15a"/>
      </symbol>
      <symbol id="sm-34d">
         <name>PWMOutputFaultLevel</name>
         <value>0x1f69</value>
         <object_component_ref idref="oc-15a"/>
      </symbol>
      <symbol id="sm-34e">
         <name>PWMGenFaultTriggerGet</name>
         <value>0x22eb</value>
         <object_component_ref idref="oc-15a"/>
      </symbol>
      <symbol id="sm-34f">
         <name>PWMOutputFault</name>
         <value>0x1f9b</value>
         <object_component_ref idref="oc-15a"/>
      </symbol>
      <symbol id="sm-350">
         <name>PWMDeadBandDisable</name>
         <value>0x1ec5</value>
         <object_component_ref idref="oc-15a"/>
      </symbol>
      <symbol id="sm-351">
         <name>PWMGenIntUnregister</name>
         <value>0x20f5</value>
         <object_component_ref idref="oc-15a"/>
      </symbol>
      <symbol id="sm-352">
         <name>PWMGenIntClear</name>
         <value>0x21f9</value>
         <object_component_ref idref="oc-15a"/>
      </symbol>
      <symbol id="sm-353">
         <name>PWMSyncTimeBase</name>
         <value>0x1ef3</value>
         <object_component_ref idref="oc-15a"/>
      </symbol>
      <symbol id="sm-354">
         <name>PWMGenPeriodGet</name>
         <value>0x1d9b</value>
         <object_component_ref idref="oc-15a"/>
      </symbol>
      <symbol id="sm-355">
         <name>PWMSyncUpdate</name>
         <value>0x1ee1</value>
         <object_component_ref idref="oc-15a"/>
      </symbol>
      <symbol id="sm-356">
         <name>PWMGenIntRegister</name>
         <value>0x20cd</value>
         <object_component_ref idref="oc-15a"/>
      </symbol>
      <symbol id="sm-357">
         <name>PWMOutputState</name>
         <value>0x1f05</value>
         <object_component_ref idref="oc-15a"/>
      </symbol>
      <symbol id="sm-358">
         <name>PWMGenEnable</name>
         <value>0x1dc5</value>
         <object_component_ref idref="oc-15a"/>
      </symbol>
      <symbol id="sm-359">
         <name>PWMFaultIntClear</name>
         <value>0x2241</value>
         <object_component_ref idref="oc-15a"/>
      </symbol>
      <symbol id="sm-35a">
         <name>PWMIntStatus</name>
         <value>0x2253</value>
         <object_component_ref idref="oc-15a"/>
      </symbol>
      <symbol id="sm-35b">
         <name>PWMIntEnable</name>
         <value>0x2211</value>
         <object_component_ref idref="oc-15a"/>
      </symbol>
      <symbol id="sm-35c">
         <name>PWMGenConfigure</name>
         <value>0x1d21</value>
         <object_component_ref idref="oc-15a"/>
      </symbol>
      <symbol id="sm-35d">
         <name>PWMGenIntTrigDisable</name>
         <value>0x21b1</value>
         <object_component_ref idref="oc-15a"/>
      </symbol>
      <symbol id="sm-35e">
         <name>PWMPulseWidthGet</name>
         <value>0x1e43</value>
         <object_component_ref idref="oc-15a"/>
      </symbol>
      <symbol id="sm-35f">
         <name>PWMOutputInvert</name>
         <value>0x1f37</value>
         <object_component_ref idref="oc-15a"/>
      </symbol>
      <symbol id="sm-360">
         <name>PWMFaultIntUnregister</name>
         <value>0x2179</value>
         <object_component_ref idref="oc-15a"/>
      </symbol>
      <symbol id="sm-4a0">
         <name>SysCtlGPIOAHBEnable</name>
         <value>0xfff</value>
         <object_component_ref idref="oc-f9"/>
      </symbol>
      <symbol id="sm-4a1">
         <name>SysCtlIntRegister</name>
         <value>0x6f9</value>
         <object_component_ref idref="oc-f9"/>
      </symbol>
      <symbol id="sm-4a2">
         <name>SysCtlFlashSizeGet</name>
         <value>0x339</value>
         <object_component_ref idref="oc-f9"/>
      </symbol>
      <symbol id="sm-4a3">
         <name>SysCtlPeripheralDeepSleepEnable</name>
         <value>0x60d</value>
         <object_component_ref idref="oc-f9"/>
      </symbol>
      <symbol id="sm-4a4">
         <name>SysCtlLDODeepSleepGet</name>
         <value>0x79f</value>
         <object_component_ref idref="oc-f9"/>
      </symbol>
      <symbol id="sm-4a5">
         <name>SysCtlFlashSectorSizeGet</name>
         <value>0x365</value>
         <object_component_ref idref="oc-f9"/>
      </symbol>
      <symbol id="sm-4a6">
         <name>SysCtlIntDisable</name>
         <value>0x735</value>
         <object_component_ref idref="oc-f9"/>
      </symbol>
      <symbol id="sm-4a7">
         <name>SysCtlResetBehaviorGet</name>
         <value>0x885</value>
         <object_component_ref idref="oc-f9"/>
      </symbol>
      <symbol id="sm-4a8">
         <name>SysCtlPeripheralPresent</name>
         <value>0x38d</value>
         <object_component_ref idref="oc-f9"/>
      </symbol>
      <symbol id="sm-4a9">
         <name>SysCtlDeepSleepClockSet</name>
         <value>0xf29</value>
         <object_component_ref idref="oc-f9"/>
      </symbol>
      <symbol id="sm-4aa">
         <name>SysCtlClockSet</name>
         <value>0xbad</value>
         <object_component_ref idref="oc-f9"/>
      </symbol>
      <symbol id="sm-4ab">
         <name>SysCtlAltClkConfig</name>
         <value>0x1191</value>
         <object_component_ref idref="oc-f9"/>
      </symbol>
      <symbol id="sm-4ac">
         <name>SysCtlPeripheralClockGating</name>
         <value>0x6a5</value>
         <object_component_ref idref="oc-f9"/>
      </symbol>
      <symbol id="sm-4ad">
         <name>SysCtlIntStatus</name>
         <value>0x75d</value>
         <object_component_ref idref="oc-f9"/>
      </symbol>
      <symbol id="sm-4ae">
         <name>SysCtlIntClear</name>
         <value>0x74d</value>
         <object_component_ref idref="oc-f9"/>
      </symbol>
      <symbol id="sm-4af">
         <name>SysCtlVoltageEventStatus</name>
         <value>0x1069</value>
         <object_component_ref idref="oc-f9"/>
      </symbol>
      <symbol id="sm-4b0">
         <name>SysCtlVoltageEventConfig</name>
         <value>0x1055</value>
         <object_component_ref idref="oc-f9"/>
      </symbol>
      <symbol id="sm-4b1">
         <name>SysCtlResetCauseGet</name>
         <value>0x7f5</value>
         <object_component_ref idref="oc-f9"/>
      </symbol>
      <symbol id="sm-4b2">
         <name>SysCtlSleep</name>
         <value>0x7d1</value>
         <object_component_ref idref="oc-f9"/>
      </symbol>
      <symbol id="sm-4b3">
         <name>SysCtlPWMClockGet</name>
         <value>0xfe9</value>
         <object_component_ref idref="oc-f9"/>
      </symbol>
      <symbol id="sm-4b4">
         <name>SysCtlDeepSleepPowerSet</name>
         <value>0x7b9</value>
         <object_component_ref idref="oc-f9"/>
      </symbol>
      <symbol id="sm-4b5">
         <name>SysCtlClockOutConfig</name>
         <value>0x1175</value>
         <object_component_ref idref="oc-f9"/>
      </symbol>
      <symbol id="sm-4b6">
         <name>SysCtlNMIStatus</name>
         <value>0x1149</value>
         <object_component_ref idref="oc-f9"/>
      </symbol>
      <symbol id="sm-4b7">
         <name>SysCtlDeepSleepClockConfigSet</name>
         <value>0xf45</value>
         <object_component_ref idref="oc-f9"/>
      </symbol>
      <symbol id="sm-4b8">
         <name>SysCtlDelay</name>
         <value>0x3703</value>
         <object_component_ref idref="oc-116"/>
      </symbol>
      <symbol id="sm-4b9">
         <name>SysCtlVoltageEventClear</name>
         <value>0x1075</value>
         <object_component_ref idref="oc-f9"/>
      </symbol>
      <symbol id="sm-4ba">
         <name>SysCtlLDOSleepSet</name>
         <value>0x779</value>
         <object_component_ref idref="oc-f9"/>
      </symbol>
      <symbol id="sm-4bb">
         <name>SysCtlMOSCConfigSet</name>
         <value>0x80f</value>
         <object_component_ref idref="oc-f9"/>
      </symbol>
      <symbol id="sm-4bc">
         <name>SysCtlPeripheralEnable</name>
         <value>0x50d</value>
         <object_component_ref idref="oc-f9"/>
      </symbol>
      <symbol id="sm-4bd">
         <name>SysCtlIntEnable</name>
         <value>0x721</value>
         <object_component_ref idref="oc-f9"/>
      </symbol>
      <symbol id="sm-4be">
         <name>SysCtlNMIClear</name>
         <value>0x1159</value>
         <object_component_ref idref="oc-f9"/>
      </symbol>
      <symbol id="sm-4bf">
         <name>SysCtlPeripheralPowerOff</name>
         <value>0x449</value>
         <object_component_ref idref="oc-f9"/>
      </symbol>
      <symbol id="sm-4c0">
         <name>SysCtlSleepPowerSet</name>
         <value>0x7a5</value>
         <object_component_ref idref="oc-f9"/>
      </symbol>
      <symbol id="sm-4c1">
         <name>SysCtlDeepSleep</name>
         <value>0x7d9</value>
         <object_component_ref idref="oc-f9"/>
      </symbol>
      <symbol id="sm-4c2">
         <name>SysCtlLDODeepSleepSet</name>
         <value>0x78f</value>
         <object_component_ref idref="oc-f9"/>
      </symbol>
      <symbol id="sm-4c3">
         <name>SysCtlPeripheralPowerOn</name>
         <value>0x40d</value>
         <object_component_ref idref="oc-f9"/>
      </symbol>
      <symbol id="sm-4c4">
         <name>SysCtlPeripheralDeepSleepDisable</name>
         <value>0x65d</value>
         <object_component_ref idref="oc-f9"/>
      </symbol>
      <symbol id="sm-4c5">
         <name>SysCtlPeripheralSleepDisable</name>
         <value>0x5d1</value>
         <object_component_ref idref="oc-f9"/>
      </symbol>
      <symbol id="sm-4c6">
         <name>SysCtlVCOGet</name>
         <value>0x1089</value>
         <object_component_ref idref="oc-f9"/>
      </symbol>
      <symbol id="sm-4c7">
         <name>SysCtlResetBehaviorSet</name>
         <value>0x875</value>
         <object_component_ref idref="oc-f9"/>
      </symbol>
      <symbol id="sm-4c8">
         <name>SysCtlReset</name>
         <value>0x7c9</value>
         <object_component_ref idref="oc-f9"/>
      </symbol>
      <symbol id="sm-4c9">
         <name>SysCtlGPIOAHBDisable</name>
         <value>0x101b</value>
         <object_component_ref idref="oc-f9"/>
      </symbol>
      <symbol id="sm-4ca">
         <name>SysCtlSRAMSizeGet</name>
         <value>0x32f</value>
         <object_component_ref idref="oc-f9"/>
      </symbol>
      <symbol id="sm-4cb">
         <name>SysCtlClockGet</name>
         <value>0xd7d</value>
         <object_component_ref idref="oc-f9"/>
      </symbol>
      <symbol id="sm-4cc">
         <name>SysCtlPeripheralDisable</name>
         <value>0x549</value>
         <object_component_ref idref="oc-f9"/>
      </symbol>
      <symbol id="sm-4cd">
         <name>SysCtlPWMClockSet</name>
         <value>0xfcf</value>
         <object_component_ref idref="oc-f9"/>
      </symbol>
      <symbol id="sm-4ce">
         <name>SysCtlUSBPLLEnable</name>
         <value>0x1037</value>
         <object_component_ref idref="oc-f9"/>
      </symbol>
      <symbol id="sm-4cf">
         <name>SysCtlPeripheralSleepEnable</name>
         <value>0x58d</value>
         <object_component_ref idref="oc-f9"/>
      </symbol>
      <symbol id="sm-4d0">
         <name>SysCtlIntUnregister</name>
         <value>0x711</value>
         <object_component_ref idref="oc-f9"/>
      </symbol>
      <symbol id="sm-4d1">
         <name>SysCtlUSBPLLDisable</name>
         <value>0x1043</value>
         <object_component_ref idref="oc-f9"/>
      </symbol>
      <symbol id="sm-4d2">
         <name>SysCtlPeripheralReady</name>
         <value>0x3cd</value>
         <object_component_ref idref="oc-f9"/>
      </symbol>
      <symbol id="sm-4d3">
         <name>SysCtlPIOSCCalibrate</name>
         <value>0x825</value>
         <object_component_ref idref="oc-f9"/>
      </symbol>
      <symbol id="sm-4d4">
         <name>SysCtlResetCauseClear</name>
         <value>0x7fb</value>
         <object_component_ref idref="oc-f9"/>
      </symbol>
      <symbol id="sm-4d5">
         <name>SysCtlLDOSleepGet</name>
         <value>0x789</value>
         <object_component_ref idref="oc-f9"/>
      </symbol>
      <symbol id="sm-4d6">
         <name>SysCtlClockFreqSet</name>
         <value>0x8d9</value>
         <object_component_ref idref="oc-f9"/>
      </symbol>
      <symbol id="sm-4d7">
         <name>SysCtlPeripheralReset</name>
         <value>0x485</value>
         <object_component_ref idref="oc-f9"/>
      </symbol>
      <symbol id="sm-4ef">
         <name>_c_int00</name>
         <value>0x34ed</value>
         <object_component_ref idref="oc-24"/>
      </symbol>
      <symbol id="sm-4f0">
         <name>__stack</name>
         <value>0x2000026c</value>
         <object_component_ref idref="oc-2a"/>
      </symbol>
      <symbol id="sm-50e">
         <name>__TI_decompress_lzss</name>
         <value>0x3485</value>
         <object_component_ref idref="oc-12"/>
      </symbol>
      <symbol id="sm-525">
         <name>__TI_decompress_none</name>
         <value>0x36dd</value>
         <object_component_ref idref="oc-18"/>
      </symbol>
      <symbol id="sm-53c">
         <name>__TI_zero_init</name>
         <value>0x36eb</value>
         <object_component_ref idref="oc-1e"/>
      </symbol>
      <symbol id="sm-55d">
         <name>C$$EXIT</name>
         <value>0x3541</value>
         <object_component_ref idref="oc-75"/>
      </symbol>
      <symbol id="sm-55e">
         <name>abort</name>
         <value>0x3545</value>
         <object_component_ref idref="oc-75"/>
      </symbol>
      <symbol id="sm-55f">
         <name>exit</name>
         <value>0x354d</value>
         <object_component_ref idref="oc-75"/>
      </symbol>
      <symbol id="sm-560">
         <name>__TI_dtors_ptr</name>
         <value>0x20000484</value>
         <object_component_ref idref="oc-cf"/>
      </symbol>
      <symbol id="sm-561">
         <name>__TI_cleanup_ptr</name>
         <value>0x20000480</value>
         <object_component_ref idref="oc-cf"/>
      </symbol>
      <symbol id="sm-562">
         <name>__TI_enable_exit_profile_output</name>
         <value>0x20000488</value>
         <object_component_ref idref="oc-cf"/>
      </symbol>
      <symbol id="sm-579">
         <name>__aeabi_dsub</name>
         <value>0x2c6d</value>
         <object_component_ref idref="oc-165"/>
      </symbol>
      <symbol id="sm-57a">
         <name>__aeabi_dadd</name>
         <value>0x2c77</value>
         <object_component_ref idref="oc-165"/>
      </symbol>
      <symbol id="sm-59c">
         <name>__aeabi_cdcmpeq</name>
         <value>0x3215</value>
         <object_component_ref idref="oc-16a"/>
      </symbol>
      <symbol id="sm-59d">
         <name>__aeabi_cdcmple</name>
         <value>0x3215</value>
         <object_component_ref idref="oc-16a"/>
      </symbol>
      <symbol id="sm-59e">
         <name>__aeabi_cdrcmple</name>
         <value>0x329b</value>
         <object_component_ref idref="oc-160"/>
      </symbol>
      <symbol id="sm-5a9">
         <name>__aeabi_dmul</name>
         <value>0x2fbd</value>
         <object_component_ref idref="oc-85"/>
      </symbol>
      <symbol id="sm-5b3">
         <name>__aeabi_d2uiz</name>
         <value>0x35e1</value>
         <object_component_ref idref="oc-8a"/>
      </symbol>
      <symbol id="sm-5bd">
         <name>__aeabi_i2d</name>
         <value>0x3663</value>
         <object_component_ref idref="oc-111"/>
      </symbol>
      <symbol id="sm-5d8">
         <name>memcpy</name>
         <value>0x3179</value>
         <object_component_ref idref="oc-45"/>
      </symbol>
      <symbol id="sm-5d9">
         <name>__aeabi_memcpy</name>
         <value>0x3179</value>
         <object_component_ref idref="oc-45"/>
      </symbol>
      <symbol id="sm-5da">
         <name>__aeabi_memcpy8</name>
         <value>0x3179</value>
         <object_component_ref idref="oc-45"/>
      </symbol>
      <symbol id="sm-5db">
         <name>__aeabi_memcpy4</name>
         <value>0x3179</value>
         <object_component_ref idref="oc-45"/>
      </symbol>
      <symbol id="sm-5ea">
         <name>__aeabi_memset</name>
         <value>0x3323</value>
         <object_component_ref idref="oc-51"/>
      </symbol>
      <symbol id="sm-5eb">
         <name>memset</name>
         <value>0x3329</value>
         <object_component_ref idref="oc-51"/>
      </symbol>
      <symbol id="sm-5ec">
         <name>__aeabi_memset8</name>
         <value>0x3323</value>
         <object_component_ref idref="oc-51"/>
      </symbol>
      <symbol id="sm-5ed">
         <name>__aeabi_memset4</name>
         <value>0x3323</value>
         <object_component_ref idref="oc-51"/>
      </symbol>
      <symbol id="sm-5ee">
         <name>__aeabi_memclr8</name>
         <value>0x3321</value>
         <object_component_ref idref="oc-51"/>
      </symbol>
      <symbol id="sm-5ef">
         <name>__aeabi_memclr4</name>
         <value>0x3321</value>
         <object_component_ref idref="oc-51"/>
      </symbol>
      <symbol id="sm-5f0">
         <name>__aeabi_memclr</name>
         <value>0x3321</value>
         <object_component_ref idref="oc-51"/>
      </symbol>
      <symbol id="sm-5fa">
         <name>__mpu_init</name>
         <value>0x2e23</value>
         <object_component_ref idref="oc-5d"/>
      </symbol>
      <symbol id="sm-604">
         <name>_system_pre_init</name>
         <value>0x3709</value>
         <object_component_ref idref="oc-63"/>
      </symbol>
      <symbol id="sm-60c">
         <name>main_func_sp</name>
         <value>0x200004a0</value>
         <object_component_ref idref="oc-7b"/>
      </symbol>
      <symbol id="sm-616">
         <name>__aeabi_ui2d</name>
         <value>0x3691</value>
         <object_component_ref idref="oc-80"/>
      </symbol>
      <symbol id="sm-62f">
         <name>_nop</name>
         <value>0x36d7</value>
         <object_component_ref idref="oc-128"/>
      </symbol>
      <symbol id="sm-630">
         <name>_lock</name>
         <value>0x20000498</value>
         <object_component_ref idref="oc-d2"/>
      </symbol>
      <symbol id="sm-631">
         <name>_unlock</name>
         <value>0x2000049c</value>
         <object_component_ref idref="oc-d2"/>
      </symbol>
      <symbol id="sm-632">
         <name>_register_lock</name>
         <value>0x36cf</value>
         <object_component_ref idref="oc-128"/>
      </symbol>
      <symbol id="sm-633">
         <name>_register_unlock</name>
         <value>0x36c9</value>
         <object_component_ref idref="oc-128"/>
      </symbol>
      <symbol id="sm-647">
         <name>_args_main</name>
         <value>0x36b1</value>
         <object_component_ref idref="oc-6f"/>
      </symbol>
      <symbol id="sm-671">
         <name>__TI_auto_init</name>
         <value>0x3415</value>
         <object_component_ref idref="oc-69"/>
      </symbol>
      <symbol id="sm-68b">
         <name>copy_in</name>
         <value>0x3595</value>
         <object_component_ref idref="oc-b9"/>
      </symbol>
      <symbol id="sm-695">
         <name>_system_post_cinit</name>
         <value>0x339b</value>
         <object_component_ref idref="oc-bf"/>
      </symbol>
      <symbol id="sm-696">
         <name>__TI_static_base__</name>
         <value>0x0</value>
      </symbol>
      <symbol id="sm-699">
         <name>SHT$$INIT_ARRAY$$Limit</name>
         <value>0x0</value>
      </symbol>
      <symbol id="sm-69a">
         <name>SHT$$INIT_ARRAY$$Base</name>
         <value>0x0</value>
      </symbol>
   </symbol_table>
   <title>Link successful</title>
</link_info>
